Archive member included to satisfy reference by file (symbol)

../../../libDaisy/build/libdaisy.a(daisy_seed.o)
                              build/adsrWithPots.o (daisy::DaisySeed::Configure())
../../../libDaisy/build/libdaisy.a(codec_ak4556.o)
                              ../../../libDaisy/build/libdaisy.a(daisy_seed.o) (daisy::Ak4556::Init(dsy_gpio_pin))
../../../libDaisy/build/libdaisy.a(codec_wm8731.o)
                              ../../../libDaisy/build/libdaisy.a(daisy_seed.o) (daisy::Wm8731::Init(daisy::Wm8731::Config const&, daisy::I2CHandle))
../../../libDaisy/build/libdaisy.a(sdram.o)
                              ../../../libDaisy/build/libdaisy.a(daisy_seed.o) (SdramHandle::Init())
../../../libDaisy/build/libdaisy.a(audio.o)
                              ../../../libDaisy/build/libdaisy.a(daisy_seed.o) (daisy::AudioHandle::Init(daisy::AudioHandle::Config const&, daisy::SaiHandle))
../../../libDaisy/build/libdaisy.a(logger.o)
                              build/adsrWithPots.o (daisy::Logger<(daisy::LoggerDestination)1>::PrintLine(char const*, ...))
../../../libDaisy/build/libdaisy.a(usb.o)
                              ../../../libDaisy/build/libdaisy.a(logger.o) (daisy::UsbHandle::Init(daisy::UsbHandle::UsbPeriph))
../../../libDaisy/build/libdaisy.a(adc.o)
                              build/adsrWithPots.o (daisy::AdcChannelConfig::InitSingle(dsy_gpio_pin))
../../../libDaisy/build/libdaisy.a(gpio.o)
                              ../../../libDaisy/build/libdaisy.a(daisy_seed.o) (dsy_gpio_init)
../../../libDaisy/build/libdaisy.a(i2c.o)
                              ../../../libDaisy/build/libdaisy.a(daisy_seed.o) (daisy::I2CHandle::Init(daisy::I2CHandle::Config const&))
../../../libDaisy/build/libdaisy.a(qspi.o)
                              ../../../libDaisy/build/libdaisy.a(daisy_seed.o) (daisy::QSPIHandle::Init(daisy::QSPIHandle::Config const&))
../../../libDaisy/build/libdaisy.a(sai.o)
                              ../../../libDaisy/build/libdaisy.a(daisy_seed.o) (daisy::SaiHandle::Init(daisy::SaiHandle::Config const&))
../../../libDaisy/build/libdaisy.a(system.o)
                              ../../../libDaisy/build/libdaisy.a(daisy_seed.o) (daisy::System::DeInit())
../../../libDaisy/build/libdaisy.a(system_stm32h7xx.o)
                              build/startup_stm32h750xx.o (SystemInit)
../../../libDaisy/build/libdaisy.a(usbd_cdc_if.o)
                              ../../../libDaisy/build/libdaisy.a(usb.o) (CDC_Transmit_FS)
../../../libDaisy/build/libdaisy.a(usbd_conf.o)
                              ../../../libDaisy/build/libdaisy.a(system.o) (hpcd_USB_OTG_HS)
../../../libDaisy/build/libdaisy.a(usbd_desc.o)
                              ../../../libDaisy/build/libdaisy.a(usb.o) (HS_Desc)
../../../libDaisy/build/libdaisy.a(usbh_conf.o)
                              ../../../libDaisy/build/libdaisy.a(system.o) (hhcd_USB_OTG_HS)
../../../libDaisy/build/libdaisy.a(hal_map.o)
                              ../../../libDaisy/build/libdaisy.a(gpio.o) (dsy_hal_map_get_port)
../../../libDaisy/build/libdaisy.a(stm32h7xx_hal.o)
                              ../../../libDaisy/build/libdaisy.a(system.o) (HAL_Init)
../../../libDaisy/build/libdaisy.a(stm32h7xx_hal_adc.o)
                              ../../../libDaisy/build/libdaisy.a(adc.o) (HAL_ADC_ConfigChannel)
../../../libDaisy/build/libdaisy.a(stm32h7xx_hal_adc_ex.o)
                              ../../../libDaisy/build/libdaisy.a(adc.o) (HAL_ADCEx_Calibration_Start)
../../../libDaisy/build/libdaisy.a(stm32h7xx_hal_cortex.o)
                              ../../../libDaisy/build/libdaisy.a(stm32h7xx_hal.o) (HAL_NVIC_SetPriorityGrouping)
../../../libDaisy/build/libdaisy.a(stm32h7xx_hal_dma.o)
                              ../../../libDaisy/build/libdaisy.a(adc.o) (HAL_DMA_Init)
../../../libDaisy/build/libdaisy.a(stm32h7xx_hal_gpio.o)
                              ../../../libDaisy/build/libdaisy.a(sdram.o) (HAL_GPIO_Init)
../../../libDaisy/build/libdaisy.a(stm32h7xx_hal_hcd.o)
                              ../../../libDaisy/build/libdaisy.a(usbh_conf.o) (HAL_HCD_HC_Init)
../../../libDaisy/build/libdaisy.a(stm32h7xx_hal_i2c.o)
                              ../../../libDaisy/build/libdaisy.a(i2c.o) (HAL_I2C_Init)
../../../libDaisy/build/libdaisy.a(stm32h7xx_hal_i2c_ex.o)
                              ../../../libDaisy/build/libdaisy.a(i2c.o) (HAL_I2CEx_ConfigAnalogFilter)
../../../libDaisy/build/libdaisy.a(stm32h7xx_hal_pcd.o)
                              ../../../libDaisy/build/libdaisy.a(usbd_conf.o) (HAL_PCD_Init)
../../../libDaisy/build/libdaisy.a(stm32h7xx_hal_pcd_ex.o)
                              ../../../libDaisy/build/libdaisy.a(usbd_conf.o) (HAL_PCDEx_SetTxFiFo)
../../../libDaisy/build/libdaisy.a(stm32h7xx_hal_pwr_ex.o)
                              ../../../libDaisy/build/libdaisy.a(system.o) (HAL_PWREx_ConfigSupply)
../../../libDaisy/build/libdaisy.a(stm32h7xx_hal_qspi.o)
[...]
Memory Configuration

Name             Origin             Length             Attributes
FLASH            0x0000000008000000 0x0000000000020000 xr
DTCMRAM          0x0000000020000000 0x0000000000020000 xrw
SRAM             0x0000000024000000 0x0000000000080000 xrw
RAM_D2           0x0000000030000000 0x0000000000048000 xrw
RAM_D3           0x0000000038000000 0x0000000000010000 xrw
ITCMRAM          0x0000000000000000 0x0000000000010000 xrw
SDRAM            0x00000000c0000000 0x0000000004000000 xrw
QSPIFLASH        0x0000000090000000 0x0000000000800000 xr
*default*        0x0000000000000000 0xffffffffffffffff

Linker script and memory map

LOAD /Library/DaisyToolchain/0.2.0/arm/bin/../lib/gcc/arm-none-eabi/10.3.1/thumb/v7e-m+dp/hard/crti.o
LOAD /Library/DaisyToolchain/0.2.0/arm/bin/../lib/gcc/arm-none-eabi/10.3.1/thumb/v7e-m+dp/hard/crtbegin.o
LOAD /Library/DaisyToolchain/0.2.0/arm/bin/../lib/gcc/arm-none-eabi/10.3.1/../../../../arm-none-eabi/lib/thumb/v7e-m+dp/hard/crt0.o
LOAD build/startup_stm32h750xx.o
LOAD build/adsrWithPots.o
LOAD ../../../libDaisy/build/libdaisy.a
LOAD /Library/DaisyToolchain/0.2.0/arm/bin/../lib/gcc/arm-none-eabi/10.3.1/../../../../arm-none-eabi/lib/thumb/v7e-m+dp/hard/libnosys.a
LOAD ../../../DaisySP/build/libdaisysp.a
LOAD /Library/DaisyToolchain/0.2.0/arm/bin/../lib/gcc/arm-none-eabi/10.3.1/../../../../arm-none-eabi/lib/thumb/v7e-m+dp/hard/libstdc++_nano.a
LOAD /Library/DaisyToolchain/0.2.0/arm/bin/../lib/gcc/arm-none-eabi/10.3.1/../../../../arm-none-eabi/lib/thumb/v7e-m+dp/hard/libm.a
LOAD /Library/DaisyToolchain/0.2.0/arm/bin/../lib/gcc/arm-none-eabi/10.3.1/../../../../arm-none-eabi/lib/thumb/v7e-m+dp/hard/libc_nano.a
START GROUP
LOAD /Library/DaisyToolchain/0.2.0/arm/bin/../lib/gcc/arm-none-eabi/10.3.1/thumb/v7e-m+dp/hard/libgcc.a
LOAD /Library/DaisyToolchain/0.2.0/arm/bin/../lib/gcc/arm-none-eabi/10.3.1/../../../../arm-none-eabi/lib/thumb/v7e-m+dp/hard/libc_nano.a
END GROUP
START GROUP
LOAD /Library/DaisyToolchain/0.2.0/arm/bin/../lib/gcc/arm-none-eabi/10.3.1/thumb/v7e-m+dp/hard/libgcc.a
LOAD /Library/DaisyToolchain/0.2.0/arm/bin/../lib/gcc/arm-none-eabi/10.3.1/../../../../arm-none-eabi/lib/thumb/v7e-m+dp/hard/libc_nano.a
LOAD /Library/DaisyToolchain/0.2.0/arm/bin/../lib/gcc/arm-none-eabi/10.3.1/../../../../arm-none-eabi/lib/thumb/v7e-m+dp/hard/libnosys.a
END GROUP
START GROUP
LOAD /Library/DaisyToolchain/0.2.0/arm/bin/../lib/gcc/arm-none-eabi/10.3.1/thumb/v7e-m+dp/hard/libgcc.a
LOAD /Library/DaisyToolchain/0.2.0/arm/bin/../lib/gcc/arm-none-eabi/10.3.1/../../../../arm-none-eabi/lib/thumb/v7e-m+dp/hard/libc_nano.a
LOAD /Library/DaisyToolchain/0.2.0/arm/bin/../lib/gcc/arm-none-eabi/10.3.1/../../../../arm-none-eabi/lib/thumb/v7e-m+dp/hard/libnosys.a
END GROUP
LOAD /Library/DaisyToolchain/0.2.0/arm/bin/../lib/gcc/arm-none-eabi/10.3.1/thumb/v7e-m+dp/hard/crtend.o
LOAD /Library/DaisyToolchain/0.2.0/arm/bin/../lib/gcc/arm-none-eabi/10.3.1/thumb/v7e-m+dp/hard/crtn.o
                0x0000000020020000                _estack = 0x20020000

.isr_vector     0x0000000008000000      0x298
                0x0000000008000000                . = ALIGN (0x4)
 *(.isr_vector)
 .isr_vector    0x0000000008000000      0x298 build/startup_stm32h750xx.o
                0x0000000008000000                g_pfnVectors
                0x0000000008000298                . = ALIGN (0x4)

.text           0x00000000080002a0    0x142a0
                0x00000000080002a0                . = ALIGN (0x4)
                0x00000000080002a0                _stext = .
 *(.text)
 .text          0x00000000080002a0       0x40 /Library/DaisyToolchain/0.2.0/arm/bin/../lib/gcc/arm-none-eabi/10.3.1/thumb/v7e-m+dp/hard/crtbegin.o
 .text          0x00000000080002e0       0xa0 /Library/DaisyToolchain/0.2.0/arm/bin/../lib/gcc/arm-none-eabi/10.3.1/../../../../arm-none-eabi/lib/thumb/v7e-m+dp/hard/libc_nano.a(lib_a-memchr.o)
                0x00000000080002e0                memchr
 .text          0x0000000008000380      0x378 /Library/DaisyToolchain/0.2.0/arm/bin/../lib/gcc/arm-none-eabi/10.3.1/thumb/v7e-m+dp/hard/libgcc.a(_arm_addsubdf3.o)
                0x0000000008000380                __aeabi_drsub
                0x0000000008000388                __subdf3
                0x0000000008000388                __aeabi_dsub
                0x000000000800038c                __aeabi_dadd
                0x000000000800038c                __adddf3
                0x0000000008000604                __aeabi_ui2d
                0x0000000008000604                __floatunsidf
                0x0000000008000624                __floatsidf
                0x0000000008000624                __aeabi_i2d
                0x0000000008000648                __extendsfdf2
                0x0000000008000648                __aeabi_f2d
                0x000000000800068c                __aeabi_ul2d
                0x000000000800068c                __floatundidf
                0x000000000800069c                __aeabi_l2d
                0x000000000800069c                __floatdidf
 .text          0x00000000080006f8       0x30 /Library/DaisyToolchain/0.2.0/arm/bin/../lib/gcc/arm-none-eabi/10.3.1/thumb/v7e-m+dp/hard/libgcc.a(_aeabi_uldivmod.o)
                0x00000000080006f8                __aeabi_uldivmod
 .text          0x0000000008000728      0x2d0 /Library/DaisyToolchain/0.2.0/arm/bin/../lib/gcc/arm-none-eabi/10.3.1/thumb/v7e-m+dp/hard/libgcc.a(_udivmoddi4.o)
                0x0000000008000728                __udivmoddi4
 .text          0x00000000080009f8        0x4 /Library/DaisyToolchain/0.2.0/arm/bin/../lib/gcc/arm-none-eabi/10.3.1/thumb/v7e-m+dp/hard/libgcc.a(_dvmd_tls.o)
                0x00000000080009f8                __aeabi_ldiv0
                0x00000000080009f8                __aeabi_idiv0
 *(.text*)
 .text.Default_Handler
                0x00000000080009fc        0x4 build/startup_stm32h750xx.o
                0x00000000080009fc                SAI1_IRQHandler
                0x00000000080009fc                HASH_RNG_IRQHandler
                0x00000000080009fc                EXTI2_IRQHandler
                0x00000000080009fc                TIM8_CC_IRQHandler
                0x00000000080009fc                HRTIM1_Master_IRQHandler
                0x00000000080009fc                DebugMon_Handler
                0x00000000080009fc                TIM1_CC_IRQHandler
                0x00000000080009fc                BDMA_Channel6_IRQHandler
                0x00000000080009fc                DMA2_Stream5_IRQHandler
                0x00000000080009fc                HRTIM1_FLT_IRQHandler
                0x00000000080009fc                JPEG_IRQHandler
                0x00000000080009fc                BDMA_Channel1_IRQHandler
                0x00000000080009fc                HRTIM1_TIMD_IRQHandler
                0x00000000080009fc                TAMP_STAMP_IRQHandler
                0x00000000080009fc                PendSV_Handler
                0x00000000080009fc                NMI_Handler
                0x00000000080009fc                EXTI3_IRQHandler
                0x00000000080009fc                LPTIM4_IRQHandler
                0x00000000080009fc                TIM8_TRG_COM_TIM14_IRQHandler
                0x00000000080009fc                LPTIM2_IRQHandler
                0x00000000080009fc                DFSDM1_FLT1_IRQHandler
                0x00000000080009fc                DMAMUX2_OVR_IRQHandler
                0x00000000080009fc                TIM8_UP_TIM13_IRQHandler
                0x00000000080009fc                I2C3_ER_IRQHandler
                0x00000000080009fc                DFSDM1_FLT2_IRQHandler
                0x00000000080009fc                MDMA_IRQHandler
                0x00000000080009fc                LPTIM3_IRQHandler
                0x00000000080009fc                HSEM1_IRQHandler
                0x00000000080009fc                EXTI0_IRQHandler
                0x00000000080009fc                FPU_IRQHandler
                0x00000000080009fc                OTG_HS_WKUP_IRQHandler
                0x00000000080009fc                FDCAN1_IT1_IRQHandler
                0x00000000080009fc                UsageFault_Handler
                0x00000000080009fc                LTDC_ER_IRQHandler
                0x00000000080009fc                HRTIM1_TIME_IRQHandler
                0x00000000080009fc                TIM6_DAC_IRQHandler
                0x00000000080009fc                DCMI_IRQHandler
                0x00000000080009fc                HRTIM1_TIMC_IRQHandler
                0x00000000080009fc                SAI2_IRQHandler
                0x00000000080009fc                DFSDM1_FLT3_IRQHandler
                0x00000000080009fc                TIM17_IRQHandler
                0x00000000080009fc                CRYP_IRQHandler
                0x00000000080009fc                BDMA_Channel7_IRQHandler
                0x00000000080009fc                LPTIM5_IRQHandler
                0x00000000080009fc                ADC3_IRQHandler
                0x00000000080009fc                DMA2_Stream0_IRQHandler
                0x00000000080009fc                BDMA_Channel2_IRQHandler
                0x00000000080009fc                DMAMUX1_OVR_IRQHandler
                0x00000000080009fc                TIM16_IRQHandler
                0x00000000080009fc                BDMA_Channel5_IRQHandler
                0x00000000080009fc                RCC_IRQHandler
                0x00000000080009fc                TIM8_BRK_TIM12_IRQHandler
                0x00000000080009fc                TIM1_TRG_COM_IRQHandler
                0x00000000080009fc                Default_Handler
                0x00000000080009fc                ECC_IRQHandler
                0x00000000080009fc                CEC_IRQHandler
                0x00000000080009fc                EXTI15_10_IRQHandler
                0x00000000080009fc                BDMA_Channel0_IRQHandler
                0x00000000080009fc                ADC_IRQHandler
                0x00000000080009fc                DMA1_Stream7_IRQHandler
                0x00000000080009fc                HRTIM1_TIMA_IRQHandler
                0x00000000080009fc                TIM7_IRQHandler
                0x00000000080009fc                SDMMC1_IRQHandler
                0x00000000080009fc                DMA2_Stream7_IRQHandler
                0x00000000080009fc                TIM15_IRQHandler
                0x00000000080009fc                PVD_AVD_IRQHandler
                0x00000000080009fc                EXTI9_5_IRQHandler
                0x00000000080009fc                RTC_WKUP_IRQHandler
                0x00000000080009fc                LTDC_IRQHandler
                0x00000000080009fc                SAI3_IRQHandler
                0x00000000080009fc                ETH_WKUP_IRQHandler
                0x00000000080009fc                SPDIF_RX_IRQHandler
                0x00000000080009fc                MemManage_Handler
                0x00000000080009fc                SVC_Handler
                0x00000000080009fc                CRS_IRQHandler
                0x00000000080009fc                EXTI4_IRQHandler
                0x00000000080009fc                HRTIM1_TIMB_IRQHandler
                0x00000000080009fc                FDCAN2_IT1_IRQHandler
                0x00000000080009fc                ETH_IRQHandler
                0x00000000080009fc                TIM1_UP_IRQHandler
                0x00000000080009fc                BDMA_Channel4_IRQHandler
                0x00000000080009fc                WWDG_IRQHandler
                0x00000000080009fc                SPI6_IRQHandler
                0x00000000080009fc                I2C4_EV_IRQHandler
                0x00000000080009fc                MDIOS_IRQHandler
                0x00000000080009fc                FDCAN2_IT0_IRQHandler
                0x00000000080009fc                FDCAN1_IT0_IRQHandler
                0x00000000080009fc                OTG_FS_WKUP_IRQHandler
                0x00000000080009fc                DMA2D_IRQHandler
                0x00000000080009fc                TIM1_BRK_IRQHandler
                0x00000000080009fc                EXTI1_IRQHandler
                0x00000000080009fc                SDMMC2_IRQHandler
                0x00000000080009fc                BDMA_Channel3_IRQHandler
                0x00000000080009fc                MDIOS_WKUP_IRQHandler
                0x00000000080009fc                DFSDM1_FLT0_IRQHandler
                0x00000000080009fc                SAI4_IRQHandler
                0x00000000080009fc                I2C2_ER_IRQHandler
                0x00000000080009fc                DMA2_Stream1_IRQHandler
                0x00000000080009fc                FLASH_IRQHandler
                0x00000000080009fc                BusFault_Handler
                0x00000000080009fc                WAKEUP_PIN_IRQHandler
                0x00000000080009fc                I2C1_ER_IRQHandler
                0x00000000080009fc                FMC_IRQHandler
                0x00000000080009fc                FDCAN_CAL_IRQHandler
                0x00000000080009fc                SWPMI1_IRQHandler
                0x00000000080009fc                COMP1_IRQHandler
                0x00000000080009fc                LPTIM1_IRQHandler
                0x00000000080009fc                I2C4_ER_IRQHandler
                0x00000000080009fc                DMA2_Stream6_IRQHandler
                0x00000000080009fc                RTC_Alarm_IRQHandler
 .text.Reset_Handler
                0x0000000008000a00       0x44 build/startup_stm32h750xx.o
                0x0000000008000a00                Reset_Handler
 .text._ZN7daisysp4AdsrD2Ev
                0x0000000008000a44        0x4 build/adsrWithPots.o
                0x0000000008000a44                daisysp::Adsr::~Adsr()
                0x0000000008000a44                daisysp::Adsr::~Adsr()
 .text._ZN7daisysp10OscillatorD2Ev
                0x0000000008000a48        0x4 build/adsrWithPots.o
                0x0000000008000a48                daisysp::Oscillator::~Oscillator()
                0x0000000008000a48                daisysp::Oscillator::~Oscillator()
 .text._ZN7daisysp5MetroD2Ev
                0x0000000008000a4c        0x4 build/adsrWithPots.o
                0x0000000008000a4c                daisysp::Metro::~Metro()
                0x0000000008000a4c                daisysp::Metro::~Metro()
 .text._ZN5daisy9DaisySeedD2Ev
                0x0000000008000a50        0x4 build/adsrWithPots.o
                0x0000000008000a50                daisy::DaisySeed::~DaisySeed()
                0x0000000008000a50                daisy::DaisySeed::~DaisySeed()
 .text._ZL13AudioCallbackPKfPfj
                0x0000000008000a54       0x5c build/adsrWithPots.o
 .text.startup.main
                0x0000000008000ab0      0x1b8 build/adsrWithPots.o
                0x0000000008000ab0                main
 .text.startup._GLOBAL__sub_I_gate
                0x0000000008000c68       0x78 build/adsrWithPots.o
 .text._ZN5daisy9DaisySeed9ConfigureEv
                0x0000000008000ce0        0x4 ../../../libDaisy/build/libdaisy.a(daisy_seed.o)
                0x0000000008000ce0                daisy::DaisySeed::Configure()
 .text._ZN5daisy9DaisySeed7DelayMsEj
                0x0000000008000ce4        0x8 ../../../libDaisy/build/libdaisy.a(daisy_seed.o)
                0x0000000008000ce4                daisy::DaisySeed::DelayMs(unsigned int)
 .text._ZN5daisy9DaisySeed10StartAudioEPFvPKfPfjE
                0x0000000008000cec        0x8 ../../../libDaisy/build/libdaisy.a(daisy_seed.o)
                0x0000000008000cec                daisy::DaisySeed::StartAudio(void (*)(float const*, float*, unsigned int))
 .text._ZN5daisy9DaisySeed15AudioSampleRateEv
                0x0000000008000cf4        0x8 ../../../libDaisy/build/libdaisy.a(daisy_seed.o)
                0x0000000008000cf4                daisy::DaisySeed::AudioSampleRate()
 .text._ZN5daisy9DaisySeed17SetAudioBlockSizeEj
                0x0000000008000cfc       0x38 ../../../libDaisy/build/libdaisy.a(daisy_seed.o)
                0x0000000008000cfc                daisy::DaisySeed::SetAudioBlockSize(unsigned int)
 .text._ZN5daisy9DaisySeed14ConfigureAudioEv
                0x0000000008000d34       0xd0 ../../../libDaisy/build/libdaisy.a(daisy_seed.o)
                0x0000000008000d34                daisy::DaisySeed::ConfigureAudio()
 .text._ZN5daisy9DaisySeed4InitEb
                0x0000000008000e04       0xf0 ../../../libDaisy/build/libdaisy.a(daisy_seed.o)
                0x0000000008000e04                daisy::DaisySeed::Init(bool)
 .text._ZN5daisy6Ak45564InitE12dsy_gpio_pin
                0x0000000008000ef4       0x44 ../../../libDaisy/build/libdaisy.a(codec_ak4556.o)
                0x0000000008000ef4                daisy::Ak4556::Init(dsy_gpio_pin)
 .text._ZN5daisy6Wm873120WriteControlRegisterEht
                0x0000000008000f38       0x3c ../../../libDaisy/build/libdaisy.a(codec_wm8731.o)
                0x0000000008000f38                daisy::Wm8731::WriteControlRegister(unsigned char, unsigned short)
 .text._ZN5daisy6Wm87314InitERKNS0_6ConfigENS_9I2CHandleE
                0x0000000008000f74      0x1bc ../../../libDaisy/build/libdaisy.a(codec_wm8731.o)
                0x0000000008000f74                daisy::Wm8731::Init(daisy::Wm8731::Config const&, daisy::I2CHandle)
 .text._ZN11SdramHandle10DeviceInitEv
                0x0000000008001130       0x98 ../../../libDaisy/build/libdaisy.a(sdram.o)
                0x0000000008001130                SdramHandle::DeviceInit()
 .text._ZN11SdramHandle4InitEv
                0x00000000080011c8       0x7c ../../../libDaisy/build/libdaisy.a(sdram.o)
                0x00000000080011c8                SdramHandle::Init()
 .text.HAL_SDRAM_MspInit
                0x0000000008001244      0x1a8 ../../../libDaisy/build/libdaisy.a(sdram.o)
                0x0000000008001244                HAL_SDRAM_MspInit
 .text._ZN5daisy11AudioHandle4Impl16InternalCallbackEPlS2_j
                0x00000000080013ec      0xbbc ../../../libDaisy/build/libdaisy.a(audio.o)
                0x00000000080013ec                daisy::AudioHandle::Impl::InternalCallback(long*, long*, unsigned int)
 .text._ZN5daisy11AudioHandle4InitERKNS0_6ConfigENS_9SaiHandleE
                0x0000000008001fa8       0x70 ../../../libDaisy/build/libdaisy.a(audio.o)
                0x0000000008001fa8                daisy::AudioHandle::Init(daisy::AudioHandle::Config const&, daisy::SaiHandle)
 .text._ZNK5daisy11AudioHandle9GetConfigEv
                0x0000000008002018        0x8 ../../../libDaisy/build/libdaisy.a(audio.o)
                0x0000000008002018                daisy::AudioHandle::GetConfig() const
 .text._ZN5daisy11AudioHandle12SetBlockSizeEj
                0x0000000008002020       0x1c ../../../libDaisy/build/libdaisy.a(audio.o)
                0x0000000008002020                daisy::AudioHandle::SetBlockSize(unsigned int)
 .text._ZN5daisy11AudioHandle13GetSampleRateEv
                0x000000000800203c        0x8 ../../../libDaisy/build/libdaisy.a(audio.o)
                0x000000000800203c                daisy::AudioHandle::GetSampleRate()
 .text._ZN5daisy11AudioHandle5StartEPFvPKfPfjE
                0x0000000008002044       0x2c ../../../libDaisy/build/libdaisy.a(audio.o)
                0x0000000008002044                daisy::AudioHandle::Start(void (*)(float const*, float*, unsigned int))
 .text.startup._GLOBAL__sub_I__ZN5daisy11AudioHandle4Impl4InitENS0_6ConfigENS_9SaiHandleE
                0x0000000008002070       0x24 ../../../libDaisy/build/libdaisy.a(audio.o)
 .text._ZN5daisy9UsbHandleD2Ev
                0x0000000008002094        0x4 ../../../libDaisy/build/libdaisy.a(logger.o)
                0x0000000008002094                daisy::UsbHandle::~UsbHandle()
                0x0000000008002094                daisy::UsbHandle::~UsbHandle()
 .text._ZN5daisy6LoggerILNS_17LoggerDestinationE1EE11TransmitBufEv
                0x0000000008002098       0x60 ../../../libDaisy/build/libdaisy.a(logger.o)
                0x0000000008002098                daisy::Logger<(daisy::LoggerDestination)1>::TransmitBuf()
 .text._ZN5daisy6LoggerILNS_17LoggerDestinationE1EE13AppendNewLineEv
                0x00000000080020f8       0x60 ../../../libDaisy/build/libdaisy.a(logger.o)
                0x00000000080020f8                daisy::Logger<(daisy::LoggerDestination)1>::AppendNewLine()
 .text._ZN5daisy6LoggerILNS_17LoggerDestinationE1EE10PrintLineVEPKcSt9__va_list
                0x0000000008002158       0x30 ../../../libDaisy/build/libdaisy.a(logger.o)
                0x0000000008002158                daisy::Logger<(daisy::LoggerDestination)1>::PrintLineV(char const*, std::__va_list)
 .text._ZN5daisy6LoggerILNS_17LoggerDestinationE1EE9PrintLineEPKcz
                0x0000000008002188       0x1c ../../../libDaisy/build/libdaisy.a(logger.o)
                0x0000000008002188                daisy::Logger<(daisy::LoggerDestination)1>::PrintLine(char const*, ...)
 .text._ZN5daisy6LoggerILNS_17LoggerDestinationE1EE8StartLogEb
                0x00000000080021a4       0x40 ../../../libDaisy/build/libdaisy.a(logger.o)
                0x00000000080021a4                daisy::Logger<(daisy::LoggerDestination)1>::StartLog(bool)
 .text.startup._GLOBAL__sub_I__ZN5daisy10LoggerImplILNS_17LoggerDestinationE1EE11usb_handle_E
                0x00000000080021e4       0x2c ../../../libDaisy/build/libdaisy.a(logger.o)
 .text.DummyRxCallback
                0x0000000008002210        0x4 ../../../libDaisy/build/libdaisy.a(usb.o)
                0x0000000008002210                DummyRxCallback
 .text._ZN5daisy9UsbHandle4InitENS0_9UsbPeriphE
                0x0000000008002214      0x10c ../../../libDaisy/build/libdaisy.a(usb.o)
                0x0000000008002214                daisy::UsbHandle::Init(daisy::UsbHandle::UsbPeriph)
 .text._ZN5daisy9UsbHandle16TransmitInternalEPhj
                0x0000000008002320       0x14 ../../../libDaisy/build/libdaisy.a(usb.o)
                0x0000000008002320                daisy::UsbHandle::TransmitInternal(unsigned char*, unsigned int)
 .text.OTG_FS_EP1_OUT_IRQHandler
                0x0000000008002334        0xc ../../../libDaisy/build/libdaisy.a(usb.o)
                0x0000000008002334                OTG_FS_EP1_OUT_IRQHandler
 .text.OTG_FS_EP1_IN_IRQHandler
                0x0000000008002340        0xc ../../../libDaisy/build/libdaisy.a(usb.o)
                0x0000000008002340                OTG_FS_EP1_IN_IRQHandler
 .text.OTG_FS_IRQHandler
                0x000000000800234c        0xc ../../../libDaisy/build/libdaisy.a(usb.o)
                0x000000000800234c                OTG_FS_IRQHandler
 .text._ZN5daisy16AdcChannelConfig10InitSingleE12dsy_gpio_pin
                0x0000000008002358       0x1c ../../../libDaisy/build/libdaisy.a(adc.o)
                0x0000000008002358                daisy::AdcChannelConfig::InitSingle(dsy_gpio_pin)
 .text._ZN5daisy9AdcHandle4InitEPNS_16AdcChannelConfigEjNS0_12OverSamplingE
                0x0000000008002374      0x3c8 ../../../libDaisy/build/libdaisy.a(adc.o)
                0x0000000008002374                daisy::AdcHandle::Init(daisy::AdcChannelConfig*, unsigned int, daisy::AdcHandle::OverSampling)
 .text._ZN5daisy9AdcHandle5StartEv
                0x000000000800273c       0x2c ../../../libDaisy/build/libdaisy.a(adc.o)
                0x000000000800273c                daisy::AdcHandle::Start()
 .text._ZNK5daisy9AdcHandle3GetEh
                0x0000000008002768       0x18 ../../../libDaisy/build/libdaisy.a(adc.o)
                0x0000000008002768                daisy::AdcHandle::Get(unsigned char) const
 .text.HAL_ADC_MspInit
                0x0000000008002780       0x98 ../../../libDaisy/build/libdaisy.a(adc.o)
                0x0000000008002780                HAL_ADC_MspInit
 .text.DMA1_Stream2_IRQHandler
                0x0000000008002818        0xc ../../../libDaisy/build/libdaisy.a(adc.o)
                0x0000000008002818                DMA1_Stream2_IRQHandler
 .text.HAL_ADC_ConvCpltCallback
                0x0000000008002824      0x148 ../../../libDaisy/build/libdaisy.a(adc.o)
                0x0000000008002824                HAL_ADC_ConvCpltCallback
 .text.HAL_ADC_ErrorCallback
                0x000000000800296c        0x4 ../../../libDaisy/build/libdaisy.a(adc.o)
                0x000000000800296c                HAL_ADC_ErrorCallback
 .text.dsy_gpio_init
                0x0000000008002970      0x1b8 ../../../libDaisy/build/libdaisy.a(gpio.o)
                0x0000000008002970                dsy_gpio_init
 .text.dsy_gpio_read
                0x0000000008002b28       0x1c ../../../libDaisy/build/libdaisy.a(gpio.o)
                0x0000000008002b28                dsy_gpio_read
 .text.dsy_gpio_write
                0x0000000008002b44       0x24 ../../../libDaisy/build/libdaisy.a(gpio.o)
                0x0000000008002b44                dsy_gpio_write
 .text._ZN5daisy9I2CHandle4Impl8InitPinsEv
                0x0000000008002b68       0x58 ../../../libDaisy/build/libdaisy.a(i2c.o)
                0x0000000008002b68                daisy::I2CHandle::Impl::InitPins()
 .text.HAL_I2C_MspInit
                0x0000000008002bc0      0x1b4 ../../../libDaisy/build/libdaisy.a(i2c.o)
                0x0000000008002bc0                HAL_I2C_MspInit
 .text.dsy_i2c_global_init
                0x0000000008002d74       0x78 ../../../libDaisy/build/libdaisy.a(i2c.o)
                0x0000000008002d74                dsy_i2c_global_init
 .text.DMA1_Stream6_IRQHandler
                0x0000000008002dec       0x34 ../../../libDaisy/build/libdaisy.a(i2c.o)
                0x0000000008002dec                DMA1_Stream6_IRQHandler
 .text.I2C1_EV_IRQHandler
                0x0000000008002e20        0xc ../../../libDaisy/build/libdaisy.a(i2c.o)
                0x0000000008002e20                I2C1_EV_IRQHandler
 .text.I2C2_EV_IRQHandler
                0x0000000008002e2c        0xc ../../../libDaisy/build/libdaisy.a(i2c.o)
                0x0000000008002e2c                I2C2_EV_IRQHandler
 .text.I2C3_EV_IRQHandler
                0x0000000008002e38        0xc ../../../libDaisy/build/libdaisy.a(i2c.o)
                0x0000000008002e38                I2C3_EV_IRQHandler
 .text._ZN5daisy9I2CHandle4InitERKNS0_6ConfigE
                0x0000000008002e44      0x12c ../../../libDaisy/build/libdaisy.a(i2c.o)
                0x0000000008002e44                daisy::I2CHandle::Init(daisy::I2CHandle::Config const&)
 .text._ZN5daisy9I2CHandle16TransmitBlockingEtPhtm
                0x0000000008002f70       0x50 ../../../libDaisy/build/libdaisy.a(i2c.o)
                0x0000000008002f70                daisy::I2CHandle::TransmitBlocking(unsigned short, unsigned char*, unsigned short, unsigned long)
 .text.startup._GLOBAL__sub_I__ZN5daisy9I2CHandle4Impl10GlobalInitEv
                0x0000000008002fc0       0x18 ../../../libDaisy/build/libdaisy.a(i2c.o)
 .text._ZN5daisy10QSPIHandle4Impl11WriteEnableEv
                0x0000000008002fd8       0x8c ../../../libDaisy/build/libdaisy.a(qspi.o)
                0x0000000008002fd8                daisy::QSPIHandle::Impl::WriteEnable()
 *fill*         0x0000000008003064        0x4 
 .text._ZN5daisy10QSPIHandle4Impl17DummyCyclesConfigENS0_6Config6DeviceE
                0x0000000008003068      0x118 ../../../libDaisy/build/libdaisy.a(qspi.o)
                0x0000000008003068                daisy::QSPIHandle::Impl::DummyCyclesConfig(daisy::QSPIHandle::Config::Device)
 .text._ZN5daisy10QSPIHandle4Impl10QuadEnableEv
                0x0000000008003180      0x158 ../../../libDaisy/build/libdaisy.a(qspi.o)
                0x0000000008003180                daisy::QSPIHandle::Impl::QuadEnable()
 .text._ZN5daisy10QSPIHandle4InitERKNS0_6ConfigE
                0x00000000080032d8      0x198 ../../../libDaisy/build/libdaisy.a(qspi.o)
                0x00000000080032d8                daisy::QSPIHandle::Init(daisy::QSPIHandle::Config const&)
 .text.HAL_QSPI_MspInit
                0x0000000008003470      0x11c ../../../libDaisy/build/libdaisy.a(qspi.o)
                0x0000000008003470                HAL_QSPI_MspInit
 .text.HAL_QSPI_MspDeInit
                0x000000000800358c       0x54 ../../../libDaisy/build/libdaisy.a(qspi.o)
                0x000000000800358c                HAL_QSPI_MspDeInit
 .text.QUADSPI_IRQHandler
                0x00000000080035e0        0xc ../../../libDaisy/build/libdaisy.a(qspi.o)
                0x00000000080035e0                QUADSPI_IRQHandler
 .text.startup._GLOBAL__sub_I__ZN5daisy10QSPIHandle4Impl4InitERKNS0_6ConfigE
                0x00000000080035ec       0x28 ../../../libDaisy/build/libdaisy.a(qspi.o)
 .text._ZN5daisy9SaiHandle4Impl7InitDmaENS1_15PeripheralBlockE
                0x0000000008003614       0xa0 ../../../libDaisy/build/libdaisy.a(sai.o)
                0x0000000008003614                daisy::SaiHandle::Impl::InitDma(daisy::SaiHandle::Impl::PeripheralBlock)
 .text._ZN5daisy9SaiHandle4Impl8InitPinsEv
                0x00000000080036b4       0xa8 ../../../libDaisy/build/libdaisy.a(sai.o)
                0x00000000080036b4                daisy::SaiHandle::Impl::InitPins()
 .text.HAL_SAI_MspInit
                0x000000000800375c      0x164 ../../../libDaisy/build/libdaisy.a(sai.o)
                0x000000000800375c                HAL_SAI_MspInit
 .text.DMA1_Stream0_IRQHandler
                0x00000000080038c0        0xc ../../../libDaisy/build/libdaisy.a(sai.o)
                0x00000000080038c0                DMA1_Stream0_IRQHandler
 .text.DMA1_Stream1_IRQHandler
                0x00000000080038cc        0xc ../../../libDaisy/build/libdaisy.a(sai.o)
                0x00000000080038cc                DMA1_Stream1_IRQHandler
 .text.DMA1_Stream3_IRQHandler
                0x00000000080038d8        0xc ../../../libDaisy/build/libdaisy.a(sai.o)
                0x00000000080038d8                DMA1_Stream3_IRQHandler
 .text.DMA1_Stream4_IRQHandler
                0x00000000080038e4        0xc ../../../libDaisy/build/libdaisy.a(sai.o)
                0x00000000080038e4                DMA1_Stream4_IRQHandler
 .text.HAL_SAI_RxHalfCpltCallback
                0x00000000080038f0       0x78 ../../../libDaisy/build/libdaisy.a(sai.o)
                0x00000000080038f0                HAL_SAI_RxHalfCpltCallback
 .text.HAL_SAI_RxCpltCallback
                0x0000000008003968       0x70 ../../../libDaisy/build/libdaisy.a(sai.o)
                0x0000000008003968                HAL_SAI_RxCpltCallback
 .text._ZN5daisy9SaiHandle4InitERKNS0_6ConfigE
                0x00000000080039d8      0x1f0 ../../../libDaisy/build/libdaisy.a(sai.o)
                0x00000000080039d8                daisy::SaiHandle::Init(daisy::SaiHandle::Config const&)
 .text._ZNK5daisy9SaiHandle9GetConfigEv
                0x0000000008003bc8        0x4 ../../../libDaisy/build/libdaisy.a(sai.o)
                0x0000000008003bc8                daisy::SaiHandle::GetConfig() const
 .text._ZN5daisy9SaiHandle8StartDmaEPlS1_jPFvS1_S1_jE
                0x0000000008003bcc       0xbc ../../../libDaisy/build/libdaisy.a(sai.o)
                0x0000000008003bcc                daisy::SaiHandle::StartDma(long*, long*, unsigned int, void (*)(long*, long*, unsigned int))
 .text._ZN5daisy9SaiHandle13GetSampleRateEv
                0x0000000008003c88       0x24 ../../../libDaisy/build/libdaisy.a(sai.o)
                0x0000000008003c88                daisy::SaiHandle::GetSampleRate()
 .text._ZNK5daisy9SaiHandle9GetOffsetEv
                0x0000000008003cac        0x8 ../../../libDaisy/build/libdaisy.a(sai.o)
                0x0000000008003cac                daisy::SaiHandle::GetOffset() const
 .text._ZN5daisy11TimerHandleD2Ev
                0x0000000008003cb4        0x4 ../../../libDaisy/build/libdaisy.a(system.o)
                0x0000000008003cb4                daisy::TimerHandle::~TimerHandle()
                0x0000000008003cb4                daisy::TimerHandle::~TimerHandle()
 .text.SysTick_Handler
                0x0000000008003cb8       0x10 ../../../libDaisy/build/libdaisy.a(system.o)
                0x0000000008003cb8                SysTick_Handler
 .text.OTG_HS_EP1_OUT_IRQHandler
                0x0000000008003cc8       0x24 ../../../libDaisy/build/libdaisy.a(system.o)
                0x0000000008003cc8                OTG_HS_EP1_OUT_IRQHandler
 .text.OTG_HS_EP1_IN_IRQHandler
                0x0000000008003cec       0x24 ../../../libDaisy/build/libdaisy.a(system.o)
                0x0000000008003cec                OTG_HS_EP1_IN_IRQHandler
 .text.OTG_HS_IRQHandler
                0x0000000008003d10       0x24 ../../../libDaisy/build/libdaisy.a(system.o)
                0x0000000008003d10                OTG_HS_IRQHandler
 .text.HardFault_Handler
                0x0000000008003d34       0xe0 ../../../libDaisy/build/libdaisy.a(system.o)
                0x0000000008003d34                HardFault_Handler
 .text._ZN5daisy6System5DelayEm
                0x0000000008003e14        0x4 ../../../libDaisy/build/libdaisy.a(system.o)
                0x0000000008003e14                daisy::System::Delay(unsigned long)
 .text._ZN5daisy6System15ConfigureClocksEv
                0x0000000008003e18      0x194 ../../../libDaisy/build/libdaisy.a(system.o)
                0x0000000008003e18                daisy::System::ConfigureClocks()
 .text._ZN5daisy6System4InitERKNS0_6ConfigE
                0x0000000008003fac      0x140 ../../../libDaisy/build/libdaisy.a(system.o)
                0x0000000008003fac                daisy::System::Init(daisy::System::Config const&)
 .text._ZN5daisy6System12GetPClk1FreqEv
                0x00000000080040ec        0x4 ../../../libDaisy/build/libdaisy.a(system.o)
                0x00000000080040ec                daisy::System::GetPClk1Freq()
 .text._ZN5daisy6System22GetProgramMemoryRegionEv
                0x00000000080040f0       0x78 ../../../libDaisy/build/libdaisy.a(system.o)
                0x00000000080040f0                daisy::System::GetProgramMemoryRegion()
 .text.startup._GLOBAL__sub_I_SysTick_Handler
                0x0000000008004168       0x1c ../../../libDaisy/build/libdaisy.a(system.o)
 .text.SystemInit
                0x0000000008004184       0x9c ../../../libDaisy/build/libdaisy.a(system_stm32h7xx.o)
                0x0000000008004184                SystemInit
 .text.dummy_rx_callback
                0x0000000008004220        0x4 ../../../libDaisy/build/libdaisy.a(usbd_cdc_if.o)
                0x0000000008004220                dummy_rx_callback
 .text.CDC_DeInit_FS
                0x0000000008004224        0x4 ../../../libDaisy/build/libdaisy.a(usbd_cdc_if.o)
 .text.CDC_Receive_FS
                0x0000000008004228       0x2c ../../../libDaisy/build/libdaisy.a(usbd_cdc_if.o)
 .text.CDC_Receive_HS
                0x0000000008004254       0x2c ../../../libDaisy/build/libdaisy.a(usbd_cdc_if.o)
 .text.CDC_Init_FS
                0x0000000008004280       0x3c ../../../libDaisy/build/libdaisy.a(usbd_cdc_if.o)
 .text.CDC_Init_HS
                0x00000000080042bc       0x3c ../../../libDaisy/build/libdaisy.a(usbd_cdc_if.o)
 .text.CDC_Control_FS
                0x00000000080042f8       0x34 ../../../libDaisy/build/libdaisy.a(usbd_cdc_if.o)
 .text.CDC_Control_HS
                0x000000000800432c       0x34 ../../../libDaisy/build/libdaisy.a(usbd_cdc_if.o)
 .text.CDC_DeInit_HS
                0x0000000008004360        0x4 ../../../libDaisy/build/libdaisy.a(usbd_cdc_if.o)
 .text.CDC_Transmit_FS
                0x0000000008004364       0x2c ../../../libDaisy/build/libdaisy.a(usbd_cdc_if.o)
                0x0000000008004364                CDC_Transmit_FS
 .text.HAL_PCD_MspInit
                0x0000000008004390      0x144 ../../../libDaisy/build/libdaisy.a(usbd_conf.o)
                0x0000000008004390                HAL_PCD_MspInit
 .text.HAL_PCD_SetupStageCallback
                0x00000000080044d4        0xc ../../../libDaisy/build/libdaisy.a(usbd_conf.o)
                0x00000000080044d4                HAL_PCD_SetupStageCallback
 .text.HAL_PCD_DataOutStageCallback
                0x00000000080044e0       0x14 ../../../libDaisy/build/libdaisy.a(usbd_conf.o)
                0x00000000080044e0                HAL_PCD_DataOutStageCallback
 .text.HAL_PCD_DataInStageCallback
                0x00000000080044f4       0x14 ../../../libDaisy/build/libdaisy.a(usbd_conf.o)
                0x00000000080044f4                HAL_PCD_DataInStageCallback
 .text.HAL_PCD_SOFCallback
                0x0000000008004508        0x8 ../../../libDaisy/build/libdaisy.a(usbd_conf.o)
                0x0000000008004508                HAL_PCD_SOFCallback
 .text.HAL_PCD_ResetCallback
                0x0000000008004510       0x24 ../../../libDaisy/build/libdaisy.a(usbd_conf.o)
                0x0000000008004510                HAL_PCD_ResetCallback
 .text.HAL_PCD_SuspendCallback
                0x0000000008004534       0x30 ../../../libDaisy/build/libdaisy.a(usbd_conf.o)
                0x0000000008004534                HAL_PCD_SuspendCallback
 .text.HAL_PCD_ResumeCallback
                0x0000000008004564        0x8 ../../../libDaisy/build/libdaisy.a(usbd_conf.o)
                0x0000000008004564                HAL_PCD_ResumeCallback
 .text.HAL_PCD_ISOOUTIncompleteCallback
                0x000000000800456c        0x8 ../../../libDaisy/build/libdaisy.a(usbd_conf.o)
                0x000000000800456c                HAL_PCD_ISOOUTIncompleteCallback
 .text.HAL_PCD_ISOINIncompleteCallback
                0x0000000008004574        0x8 ../../../libDaisy/build/libdaisy.a(usbd_conf.o)
                0x0000000008004574                HAL_PCD_ISOINIncompleteCallback
 .text.HAL_PCD_ConnectCallback
                0x000000000800457c        0x8 ../../../libDaisy/build/libdaisy.a(usbd_conf.o)
                0x000000000800457c                HAL_PCD_ConnectCallback
 .text.HAL_PCD_DisconnectCallback
                0x0000000008004584        0x8 ../../../libDaisy/build/libdaisy.a(usbd_conf.o)
                0x0000000008004584                HAL_PCD_DisconnectCallback
 .text.USBD_LL_Init
                0x000000000800458c       0xe4 ../../../libDaisy/build/libdaisy.a(usbd_conf.o)
                0x000000000800458c                USBD_LL_Init
 .text.USBD_LL_Start
                0x0000000008004670       0x1c ../../../libDaisy/build/libdaisy.a(usbd_conf.o)
                0x0000000008004670                USBD_LL_Start
 .text.USBD_LL_OpenEP
                0x000000000800468c       0x24 ../../../libDaisy/build/libdaisy.a(usbd_conf.o)
                0x000000000800468c                USBD_LL_OpenEP
 .text.USBD_LL_CloseEP
                0x00000000080046b0       0x1c ../../../libDaisy/build/libdaisy.a(usbd_conf.o)
                0x00000000080046b0                USBD_LL_CloseEP
 .text.USBD_LL_StallEP
                0x00000000080046cc       0x1c ../../../libDaisy/build/libdaisy.a(usbd_conf.o)
                0x00000000080046cc                USBD_LL_StallEP
 .text.USBD_LL_ClearStallEP
                0x00000000080046e8       0x1c ../../../libDaisy/build/libdaisy.a(usbd_conf.o)
                0x00000000080046e8                USBD_LL_ClearStallEP
 .text.USBD_LL_IsStallEP
                0x0000000008004704       0x28 ../../../libDaisy/build/libdaisy.a(usbd_conf.o)
                0x0000000008004704                USBD_LL_IsStallEP
 .text.USBD_LL_SetUSBAddress
                0x000000000800472c       0x1c ../../../libDaisy/build/libdaisy.a(usbd_conf.o)
                0x000000000800472c                USBD_LL_SetUSBAddress
 .text.USBD_LL_Transmit
                0x0000000008004748       0x1c ../../../libDaisy/build/libdaisy.a(usbd_conf.o)
                0x0000000008004748                USBD_LL_Transmit
 .text.USBD_LL_PrepareReceive
                0x0000000008004764       0x1c ../../../libDaisy/build/libdaisy.a(usbd_conf.o)
                0x0000000008004764                USBD_LL_PrepareReceive
 .text.USBD_LL_GetRxDataSize
                0x0000000008004780        0x8 ../../../libDaisy/build/libdaisy.a(usbd_conf.o)
                0x0000000008004780                USBD_LL_GetRxDataSize
 .text.USBD_HS_DeviceDescriptor
                0x0000000008004788        0xc ../../../libDaisy/build/libdaisy.a(usbd_desc.o)
                0x0000000008004788                USBD_HS_DeviceDescriptor
 .text.USBD_FS_DeviceDescriptor
                0x0000000008004794        0xc ../../../libDaisy/build/libdaisy.a(usbd_desc.o)
                0x0000000008004794                USBD_FS_DeviceDescriptor
 .text.USBD_FS_LangIDStrDescriptor
                0x00000000080047a0        0xc ../../../libDaisy/build/libdaisy.a(usbd_desc.o)
                0x00000000080047a0                USBD_FS_LangIDStrDescriptor
 .text.USBD_FS_ManufacturerStrDescriptor
                0x00000000080047ac       0x1c ../../../libDaisy/build/libdaisy.a(usbd_desc.o)
                0x00000000080047ac                USBD_FS_ManufacturerStrDescriptor
 .text.USBD_HS_ProductStrDescriptor
                0x00000000080047c8       0x1c ../../../libDaisy/build/libdaisy.a(usbd_desc.o)
                0x00000000080047c8                USBD_HS_ProductStrDescriptor
 .text.USBD_FS_ConfigStrDescriptor
                0x00000000080047e4       0x1c ../../../libDaisy/build/libdaisy.a(usbd_desc.o)
                0x00000000080047e4                USBD_FS_ConfigStrDescriptor
 .text.USBD_FS_InterfaceStrDescriptor
                0x0000000008004800       0x1c ../../../libDaisy/build/libdaisy.a(usbd_desc.o)
                0x0000000008004800                USBD_FS_InterfaceStrDescriptor
 .text.USBD_FS_ProductStrDescriptor
                0x000000000800481c       0x1c ../../../libDaisy/build/libdaisy.a(usbd_desc.o)
                0x000000000800481c                USBD_FS_ProductStrDescriptor
 .text.USBD_HS_LangIDStrDescriptor
                0x0000000008004838        0xc ../../../libDaisy/build/libdaisy.a(usbd_desc.o)
                0x0000000008004838                USBD_HS_LangIDStrDescriptor
 .text.USBD_HS_ManufacturerStrDescriptor
                0x0000000008004844       0x1c ../../../libDaisy/build/libdaisy.a(usbd_desc.o)
                0x0000000008004844                USBD_HS_ManufacturerStrDescriptor
 .text.USBD_FS_SerialStrDescriptor
                0x0000000008004860      0x124 ../../../libDaisy/build/libdaisy.a(usbd_desc.o)
                0x0000000008004860                USBD_FS_SerialStrDescriptor
 .text.USBD_HS_SerialStrDescriptor
                0x0000000008004984      0x124 ../../../libDaisy/build/libdaisy.a(usbd_desc.o)
                0x0000000008004984                USBD_HS_SerialStrDescriptor
 .text.USBD_HS_InterfaceStrDescriptor
                0x0000000008004aa8       0x1c ../../../libDaisy/build/libdaisy.a(usbd_desc.o)
                0x0000000008004aa8                USBD_HS_InterfaceStrDescriptor
 .text.USBD_HS_ConfigStrDescriptor
                0x0000000008004ac4       0x1c ../../../libDaisy/build/libdaisy.a(usbd_desc.o)
                0x0000000008004ac4                USBD_HS_ConfigStrDescriptor
 .text.HAL_HCD_SOF_Callback
                0x0000000008004ae0        0x8 ../../../libDaisy/build/libdaisy.a(usbh_conf.o)
                0x0000000008004ae0                HAL_HCD_SOF_Callback
 .text.HAL_HCD_Connect_Callback
                0x0000000008004ae8        0x8 ../../../libDaisy/build/libdaisy.a(usbh_conf.o)
                0x0000000008004ae8                HAL_HCD_Connect_Callback
 .text.HAL_HCD_Disconnect_Callback
                0x0000000008004af0        0x8 ../../../libDaisy/build/libdaisy.a(usbh_conf.o)
                0x0000000008004af0                HAL_HCD_Disconnect_Callback
 .text.HAL_HCD_HC_NotifyURBChange_Callback
                0x0000000008004af8        0x4 ../../../libDaisy/build/libdaisy.a(usbh_conf.o)
                0x0000000008004af8                HAL_HCD_HC_NotifyURBChange_Callback
 .text.HAL_HCD_PortEnabled_Callback
                0x0000000008004afc        0x8 ../../../libDaisy/build/libdaisy.a(usbh_conf.o)
                0x0000000008004afc                HAL_HCD_PortEnabled_Callback
 .text.HAL_HCD_PortDisabled_Callback
                0x0000000008004b04        0x8 ../../../libDaisy/build/libdaisy.a(usbh_conf.o)
                0x0000000008004b04                HAL_HCD_PortDisabled_Callback
 .text.USBH_LL_Stop
                0x0000000008004b0c       0x1c ../../../libDaisy/build/libdaisy.a(usbh_conf.o)
                0x0000000008004b0c                USBH_LL_Stop
 .text.dsy_hal_map_get_port
                0x0000000008004b28       0x10 ../../../libDaisy/build/libdaisy.a(hal_map.o)
                0x0000000008004b28                dsy_hal_map_get_port
 .text.dsy_hal_map_get_pin
                0x0000000008004b38       0x10 ../../../libDaisy/build/libdaisy.a(hal_map.o)
                0x0000000008004b38                dsy_hal_map_get_pin
 .text.dsy_hal_map_gpio_clk_enable
                0x0000000008004b48      0x150 ../../../libDaisy/build/libdaisy.a(hal_map.o)
                0x0000000008004b48                dsy_hal_map_gpio_clk_enable
 .text.HAL_MspInit
                0x0000000008004c98        0x4 ../../../libDaisy/build/libdaisy.a(stm32h7xx_hal.o)
                0x0000000008004c98                HAL_MspInit
 .text.HAL_InitTick
                0x0000000008004c9c       0x4c ../../../libDaisy/build/libdaisy.a(stm32h7xx_hal.o)
                0x0000000008004c9c                HAL_InitTick
 .text.HAL_Init
                0x0000000008004ce8       0x60 ../../../libDaisy/build/libdaisy.a(stm32h7xx_hal.o)
                0x0000000008004ce8                HAL_Init
 .text.HAL_IncTick
                0x0000000008004d48       0x18 ../../../libDaisy/build/libdaisy.a(stm32h7xx_hal.o)
                0x0000000008004d48                HAL_IncTick
 .text.HAL_GetTick
                0x0000000008004d60        0xc ../../../libDaisy/build/libdaisy.a(stm32h7xx_hal.o)
                0x0000000008004d60                HAL_GetTick
 .text.HAL_Delay
                0x0000000008004d6c       0x24 ../../../libDaisy/build/libdaisy.a(stm32h7xx_hal.o)
                0x0000000008004d6c                HAL_Delay
 .text.HAL_GetREVID
                0x0000000008004d90        0xc ../../../libDaisy/build/libdaisy.a(stm32h7xx_hal.o)
                0x0000000008004d90                HAL_GetREVID
 .text.HAL_ADC_ConvHalfCpltCallback
                0x0000000008004d9c        0x4 ../../../libDaisy/build/libdaisy.a(stm32h7xx_hal_adc.o)
                0x0000000008004d9c                HAL_ADC_ConvHalfCpltCallback
 .text.ADC_DMAHalfConvCplt
                0x0000000008004da0        0xc ../../../libDaisy/build/libdaisy.a(stm32h7xx_hal_adc.o)
                0x0000000008004da0                ADC_DMAHalfConvCplt
 .text.ADC_DMAConvCplt
                0x0000000008004dac       0x6c ../../../libDaisy/build/libdaisy.a(stm32h7xx_hal_adc.o)
                0x0000000008004dac                ADC_DMAConvCplt
 .text.ADC_DMAError
                0x0000000008004e18       0x1c ../../../libDaisy/build/libdaisy.a(stm32h7xx_hal_adc.o)
                0x0000000008004e18                ADC_DMAError
 .text.HAL_ADC_ConfigChannel
                0x0000000008004e34      0x3fc ../../../libDaisy/build/libdaisy.a(stm32h7xx_hal_adc.o)
                0x0000000008004e34                HAL_ADC_ConfigChannel
 .text.ADC_Enable
                0x0000000008005230       0xac ../../../libDaisy/build/libdaisy.a(stm32h7xx_hal_adc.o)
                0x0000000008005230                ADC_Enable
 .text.HAL_ADC_Start_DMA
                0x00000000080052dc      0x114 ../../../libDaisy/build/libdaisy.a(stm32h7xx_hal_adc.o)
                0x00000000080052dc                HAL_ADC_Start_DMA
 .text.ADC_Disable
                0x00000000080053f0       0x68 ../../../libDaisy/build/libdaisy.a(stm32h7xx_hal_adc.o)
                0x00000000080053f0                ADC_Disable
 .text.ADC_ConfigureBoostMode
                0x0000000008005458      0x184 ../../../libDaisy/build/libdaisy.a(stm32h7xx_hal_adc.o)
                0x0000000008005458                ADC_ConfigureBoostMode
 .text.HAL_ADC_Init
                0x00000000080055dc      0x218 ../../../libDaisy/build/libdaisy.a(stm32h7xx_hal_adc.o)
                0x00000000080055dc                HAL_ADC_Init
 .text.HAL_ADCEx_Calibration_Start
                0x00000000080057f4       0xa4 ../../../libDaisy/build/libdaisy.a(stm32h7xx_hal_adc_ex.o)
                0x00000000080057f4                HAL_ADCEx_Calibration_Start
 .text.HAL_ADCEx_MultiModeConfigChannel
                0x0000000008005898       0xc4 ../../../libDaisy/build/libdaisy.a(stm32h7xx_hal_adc_ex.o)
                0x0000000008005898                HAL_ADCEx_MultiModeConfigChannel
 .text.HAL_NVIC_SetPriorityGrouping
                0x000000000800595c       0x24 ../../../libDaisy/build/libdaisy.a(stm32h7xx_hal_cortex.o)
                0x000000000800595c                HAL_NVIC_SetPriorityGrouping
 .text.HAL_NVIC_SetPriority
                0x0000000008005980       0x7c ../../../libDaisy/build/libdaisy.a(stm32h7xx_hal_cortex.o)
                0x0000000008005980                HAL_NVIC_SetPriority
 .text.HAL_NVIC_EnableIRQ
                0x00000000080059fc       0x1c ../../../libDaisy/build/libdaisy.a(stm32h7xx_hal_cortex.o)
                0x00000000080059fc                HAL_NVIC_EnableIRQ
 .text.HAL_NVIC_DisableIRQ
                0x0000000008005a18       0x28 ../../../libDaisy/build/libdaisy.a(stm32h7xx_hal_cortex.o)
                0x0000000008005a18                HAL_NVIC_DisableIRQ
 .text.HAL_SYSTICK_Config
                0x0000000008005a40       0x2c ../../../libDaisy/build/libdaisy.a(stm32h7xx_hal_cortex.o)
                0x0000000008005a40                HAL_SYSTICK_Config
 .text.HAL_MPU_Disable
                0x0000000008005a6c       0x1c ../../../libDaisy/build/libdaisy.a(stm32h7xx_hal_cortex.o)
                0x0000000008005a6c                HAL_MPU_Disable
 .text.HAL_MPU_Enable
                0x0000000008005a88       0x20 ../../../libDaisy/build/libdaisy.a(stm32h7xx_hal_cortex.o)
                0x0000000008005a88                HAL_MPU_Enable
 .text.HAL_MPU_ConfigRegion
                0x0000000008005aa8       0x64 ../../../libDaisy/build/libdaisy.a(stm32h7xx_hal_cortex.o)
                0x0000000008005aa8                HAL_MPU_ConfigRegion
 .text.HAL_SYSTICK_Callback
                0x0000000008005b0c        0x4 ../../../libDaisy/build/libdaisy.a(stm32h7xx_hal_cortex.o)
                0x0000000008005b0c                HAL_SYSTICK_Callback
 .text.HAL_SYSTICK_IRQHandler
                0x0000000008005b10        0x8 ../../../libDaisy/build/libdaisy.a(stm32h7xx_hal_cortex.o)
                0x0000000008005b10                HAL_SYSTICK_IRQHandler
 .text.DMA_CalcBaseAndBitshift
                0x0000000008005b18       0xf4 ../../../libDaisy/build/libdaisy.a(stm32h7xx_hal_dma.o)
 .text.DMA_CalcDMAMUXChannelBaseAndMask
                0x0000000008005c0c       0xd8 ../../../libDaisy/build/libdaisy.a(stm32h7xx_hal_dma.o)
 .text.HAL_DMA_Init
                0x0000000008005ce4      0x37c ../../../libDaisy/build/libdaisy.a(stm32h7xx_hal_dma.o)
                0x0000000008005ce4                HAL_DMA_Init
 .text.HAL_DMA_Start_IT
                0x0000000008006060      0x240 ../../../libDaisy/build/libdaisy.a(stm32h7xx_hal_dma.o)
                0x0000000008006060                HAL_DMA_Start_IT
 .text.HAL_DMA_Abort_IT
                0x00000000080062a0      0x134 ../../../libDaisy/build/libdaisy.a(stm32h7xx_hal_dma.o)
                0x00000000080062a0                HAL_DMA_Abort_IT
 .text.HAL_DMA_IRQHandler
                0x00000000080063d4      0x6a0 ../../../libDaisy/build/libdaisy.a(stm32h7xx_hal_dma.o)
                0x00000000080063d4                HAL_DMA_IRQHandler
 .text.HAL_DMA_GetError
                0x0000000008006a74        0x4 ../../../libDaisy/build/libdaisy.a(stm32h7xx_hal_dma.o)
                0x0000000008006a74                HAL_DMA_GetError
 .text.HAL_GPIO_Init
                0x0000000008006a78      0x280 ../../../libDaisy/build/libdaisy.a(stm32h7xx_hal_gpio.o)
                0x0000000008006a78                HAL_GPIO_Init
 .text.HAL_GPIO_DeInit
                0x0000000008006cf8      0x190 ../../../libDaisy/build/libdaisy.a(stm32h7xx_hal_gpio.o)
                0x0000000008006cf8                HAL_GPIO_DeInit
 .text.HAL_GPIO_ReadPin
                0x0000000008006e88        0xc ../../../libDaisy/build/libdaisy.a(stm32h7xx_hal_gpio.o)
                0x0000000008006e88                HAL_GPIO_ReadPin
 .text.HAL_GPIO_WritePin
                0x0000000008006e94        0x8 ../../../libDaisy/build/libdaisy.a(stm32h7xx_hal_gpio.o)
                0x0000000008006e94                HAL_GPIO_WritePin
 .text.HAL_HCD_IRQHandler
                0x0000000008006e9c      0x780 ../../../libDaisy/build/libdaisy.a(stm32h7xx_hal_hcd.o)
                0x0000000008006e9c                HAL_HCD_IRQHandler
 .text.HAL_HCD_Stop
                0x000000000800761c       0x28 ../../../libDaisy/build/libdaisy.a(stm32h7xx_hal_hcd.o)
                0x000000000800761c                HAL_HCD_Stop
 .text.I2C_WaitOnTXISFlagUntilTimeout
                0x0000000008007644       0xb8 ../../../libDaisy/build/libdaisy.a(stm32h7xx_hal_i2c.o)
 .text.I2C_WaitOnSTOPFlagUntilTimeout
                0x00000000080076fc       0xac ../../../libDaisy/build/libdaisy.a(stm32h7xx_hal_i2c.o)
 .text.HAL_I2C_Init
                0x00000000080077a8       0xac ../../../libDaisy/build/libdaisy.a(stm32h7xx_hal_i2c.o)
                0x00000000080077a8                HAL_I2C_Init
 .text.HAL_I2C_Master_Transmit
                0x0000000008007854      0x1a8 ../../../libDaisy/build/libdaisy.a(stm32h7xx_hal_i2c.o)
                0x0000000008007854                HAL_I2C_Master_Transmit
 .text.HAL_I2C_Slave_Transmit
                0x00000000080079fc      0x1c8 ../../../libDaisy/build/libdaisy.a(stm32h7xx_hal_i2c.o)
                0x00000000080079fc                HAL_I2C_Slave_Transmit
 .text.HAL_I2C_EV_IRQHandler
                0x0000000008007bc4       0x10 ../../../libDaisy/build/libdaisy.a(stm32h7xx_hal_i2c.o)
                0x0000000008007bc4                HAL_I2C_EV_IRQHandler
 .text.HAL_I2C_GetState
                0x0000000008007bd4        0x8 ../../../libDaisy/build/libdaisy.a(stm32h7xx_hal_i2c.o)
                0x0000000008007bd4                HAL_I2C_GetState
 .text.HAL_I2CEx_ConfigAnalogFilter
                0x0000000008007bdc       0x54 ../../../libDaisy/build/libdaisy.a(stm32h7xx_hal_i2c_ex.o)
                0x0000000008007bdc                HAL_I2CEx_ConfigAnalogFilter
 .text.HAL_I2CEx_ConfigDigitalFilter
                0x0000000008007c30       0x58 ../../../libDaisy/build/libdaisy.a(stm32h7xx_hal_i2c_ex.o)
                0x0000000008007c30                HAL_I2CEx_ConfigDigitalFilter
 .text.HAL_PCD_Init
                0x0000000008007c88      0x12c ../../../libDaisy/build/libdaisy.a(stm32h7xx_hal_pcd.o)
                0x0000000008007c88                HAL_PCD_Init
 .text.HAL_PCD_Start
                0x0000000008007db4       0x44 ../../../libDaisy/build/libdaisy.a(stm32h7xx_hal_pcd.o)
                0x0000000008007db4                HAL_PCD_Start
 .text.HAL_PCD_IRQHandler
                0x0000000008007df8      0x69c ../../../libDaisy/build/libdaisy.a(stm32h7xx_hal_pcd.o)
                0x0000000008007df8                HAL_PCD_IRQHandler
 .text.HAL_PCD_SetAddress
                0x0000000008008494       0x2c ../../../libDaisy/build/libdaisy.a(stm32h7xx_hal_pcd.o)
                0x0000000008008494                HAL_PCD_SetAddress
 .text.HAL_PCD_EP_Open
                0x00000000080084c0       0x7c ../../../libDaisy/build/libdaisy.a(stm32h7xx_hal_pcd.o)
                0x00000000080084c0                HAL_PCD_EP_Open
 .text.HAL_PCD_EP_Close
                0x000000000800853c       0x6c ../../../libDaisy/build/libdaisy.a(stm32h7xx_hal_pcd.o)
                0x000000000800853c                HAL_PCD_EP_Close
 .text.HAL_PCD_EP_Receive
                0x00000000080085a8       0x50 ../../../libDaisy/build/libdaisy.a(stm32h7xx_hal_pcd.o)
                0x00000000080085a8                HAL_PCD_EP_Receive
 .text.HAL_PCD_EP_GetRxCount
                0x00000000080085f8       0x14 ../../../libDaisy/build/libdaisy.a(stm32h7xx_hal_pcd.o)
                0x00000000080085f8                HAL_PCD_EP_GetRxCount
 .text.HAL_PCD_EP_Transmit
                0x000000000800860c       0x50 ../../../libDaisy/build/libdaisy.a(stm32h7xx_hal_pcd.o)
                0x000000000800860c                HAL_PCD_EP_Transmit
 .text.HAL_PCD_EP_SetStall
                0x000000000800865c       0x88 ../../../libDaisy/build/libdaisy.a(stm32h7xx_hal_pcd.o)
                0x000000000800865c                HAL_PCD_EP_SetStall
 .text.HAL_PCD_EP_ClrStall
                0x00000000080086e4       0x78 ../../../libDaisy/build/libdaisy.a(stm32h7xx_hal_pcd.o)
                0x00000000080086e4                HAL_PCD_EP_ClrStall
 .text.HAL_PCDEx_SetTxFiFo
                0x000000000800875c       0x54 ../../../libDaisy/build/libdaisy.a(stm32h7xx_hal_pcd_ex.o)
                0x000000000800875c                HAL_PCDEx_SetTxFiFo
 .text.HAL_PCDEx_SetRxFiFo
                0x00000000080087b0        0xc ../../../libDaisy/build/libdaisy.a(stm32h7xx_hal_pcd_ex.o)
                0x00000000080087b0                HAL_PCDEx_SetRxFiFo
 .text.HAL_PCDEx_ActivateLPM
                0x00000000080087bc       0x30 ../../../libDaisy/build/libdaisy.a(stm32h7xx_hal_pcd_ex.o)
                0x00000000080087bc                HAL_PCDEx_ActivateLPM
 .text.HAL_PCDEx_LPM_Callback
                0x00000000080087ec        0x4 ../../../libDaisy/build/libdaisy.a(stm32h7xx_hal_pcd_ex.o)
                0x00000000080087ec                HAL_PCDEx_LPM_Callback
 .text.HAL_PWREx_ConfigSupply
                0x00000000080087f0       0x4c ../../../libDaisy/build/libdaisy.a(stm32h7xx_hal_pwr_ex.o)
                0x00000000080087f0                HAL_PWREx_ConfigSupply
 .text.HAL_PWREx_EnableUSBVoltageDetector
                0x000000000800883c       0x10 ../../../libDaisy/build/libdaisy.a(stm32h7xx_hal_pwr_ex.o)
                0x000000000800883c                HAL_PWREx_EnableUSBVoltageDetector
 .text.QSPI_Config
                0x000000000800884c      0x174 ../../../libDaisy/build/libdaisy.a(stm32h7xx_hal_qspi.o)
 .text.HAL_QSPI_Init
                0x00000000080089c0       0xd8 ../../../libDaisy/build/libdaisy.a(stm32h7xx_hal_qspi.o)
                0x00000000080089c0                HAL_QSPI_Init
 .text.HAL_QSPI_DeInit
                0x0000000008008a98       0x3c ../../../libDaisy/build/libdaisy.a(stm32h7xx_hal_qspi.o)
                0x0000000008008a98                HAL_QSPI_DeInit
 .text.HAL_QSPI_Command
                0x0000000008008ad4       0xd4 ../../../libDaisy/build/libdaisy.a(stm32h7xx_hal_qspi.o)
                0x0000000008008ad4                HAL_QSPI_Command
 .text.HAL_QSPI_Transmit
                0x0000000008008ba8       0xfc ../../../libDaisy/build/libdaisy.a(stm32h7xx_hal_qspi.o)
                0x0000000008008ba8                HAL_QSPI_Transmit
 .text.HAL_QSPI_Receive
                0x0000000008008ca4      0x108 ../../../libDaisy/build/libdaisy.a(stm32h7xx_hal_qspi.o)
                0x0000000008008ca4                HAL_QSPI_Receive
 .text.HAL_QSPI_AutoPolling
                0x0000000008008dac       0xf0 ../../../libDaisy/build/libdaisy.a(stm32h7xx_hal_qspi.o)
                0x0000000008008dac                HAL_QSPI_AutoPolling
 .text.HAL_QSPI_MemoryMapped
                0x0000000008008e9c       0xc0 ../../../libDaisy/build/libdaisy.a(stm32h7xx_hal_qspi.o)
                0x0000000008008e9c                HAL_QSPI_MemoryMapped
 .text.HAL_QSPI_ErrorCallback
                0x0000000008008f5c        0x4 ../../../libDaisy/build/libdaisy.a(stm32h7xx_hal_qspi.o)
                0x0000000008008f5c                HAL_QSPI_ErrorCallback
 .text.QSPI_DMAAbortCplt
                0x0000000008008f60       0x38 ../../../libDaisy/build/libdaisy.a(stm32h7xx_hal_qspi.o)
 .text.HAL_QSPI_AbortCpltCallback
                0x0000000008008f98        0x4 ../../../libDaisy/build/libdaisy.a(stm32h7xx_hal_qspi.o)
                0x0000000008008f98                HAL_QSPI_AbortCpltCallback
 .text.HAL_QSPI_CmdCpltCallback
                0x0000000008008f9c        0x4 ../../../libDaisy/build/libdaisy.a(stm32h7xx_hal_qspi.o)
                0x0000000008008f9c                HAL_QSPI_CmdCpltCallback
 .text.HAL_QSPI_RxCpltCallback
                0x0000000008008fa0        0x4 ../../../libDaisy/build/libdaisy.a(stm32h7xx_hal_qspi.o)
                0x0000000008008fa0                HAL_QSPI_RxCpltCallback
 .text.HAL_QSPI_TxCpltCallback
                0x0000000008008fa4        0x4 ../../../libDaisy/build/libdaisy.a(stm32h7xx_hal_qspi.o)
                0x0000000008008fa4                HAL_QSPI_TxCpltCallback
 .text.HAL_QSPI_FifoThresholdCallback
                0x0000000008008fa8        0x4 ../../../libDaisy/build/libdaisy.a(stm32h7xx_hal_qspi.o)
                0x0000000008008fa8                HAL_QSPI_FifoThresholdCallback
 .text.HAL_QSPI_StatusMatchCallback
                0x0000000008008fac        0x4 ../../../libDaisy/build/libdaisy.a(stm32h7xx_hal_qspi.o)
                0x0000000008008fac                HAL_QSPI_StatusMatchCallback
 .text.HAL_QSPI_TimeOutCallback
                0x0000000008008fb0        0x4 ../../../libDaisy/build/libdaisy.a(stm32h7xx_hal_qspi.o)
                0x0000000008008fb0                HAL_QSPI_TimeOutCallback
 .text.HAL_QSPI_IRQHandler
                0x0000000008008fb4      0x210 ../../../libDaisy/build/libdaisy.a(stm32h7xx_hal_qspi.o)
                0x0000000008008fb4                HAL_QSPI_IRQHandler
 .text.HAL_RCC_OscConfig
                0x00000000080091c4      0x51c ../../../libDaisy/build/libdaisy.a(stm32h7xx_hal_rcc.o)
                0x00000000080091c4                HAL_RCC_OscConfig
 .text.HAL_RCC_GetSysClockFreq
                0x00000000080096e0      0x140 ../../../libDaisy/build/libdaisy.a(stm32h7xx_hal_rcc.o)
                0x00000000080096e0                HAL_RCC_GetSysClockFreq
 .text.HAL_RCC_ClockConfig
                0x0000000008009820      0x234 ../../../libDaisy/build/libdaisy.a(stm32h7xx_hal_rcc.o)
                0x0000000008009820                HAL_RCC_ClockConfig
 .text.HAL_RCC_GetHCLKFreq
                0x0000000008009a54       0x2c ../../../libDaisy/build/libdaisy.a(stm32h7xx_hal_rcc.o)
                0x0000000008009a54                HAL_RCC_GetHCLKFreq
 .text.HAL_RCC_GetPCLK1Freq
                0x0000000008009a80       0x38 ../../../libDaisy/build/libdaisy.a(stm32h7xx_hal_rcc.o)
                0x0000000008009a80                HAL_RCC_GetPCLK1Freq
 .text.HAL_RCC_GetPCLK2Freq
                0x0000000008009ab8       0x38 ../../../libDaisy/build/libdaisy.a(stm32h7xx_hal_rcc.o)
                0x0000000008009ab8                HAL_RCC_GetPCLK2Freq
 .text.RCCEx_PLL2_Config
                0x0000000008009af0       0xf4 ../../../libDaisy/build/libdaisy.a(stm32h7xx_hal_rcc_ex.o)
 .text.RCCEx_PLL3_Config
                0x0000000008009be4       0xf4 ../../../libDaisy/build/libdaisy.a(stm32h7xx_hal_rcc_ex.o)
 .text.HAL_RCCEx_PeriphCLKConfig
                0x0000000008009cd8      0xa7c ../../../libDaisy/build/libdaisy.a(stm32h7xx_hal_rcc_ex.o)
                0x0000000008009cd8                HAL_RCCEx_PeriphCLKConfig
 .text.HAL_RCCEx_GetD3PCLK1Freq
                0x000000000800a754       0x24 ../../../libDaisy/build/libdaisy.a(stm32h7xx_hal_rcc_ex.o)
                0x000000000800a754                HAL_RCCEx_GetD3PCLK1Freq
 .text.HAL_RCCEx_GetPLL2ClockFreq
                0x000000000800a778      0x17c ../../../libDaisy/build/libdaisy.a(stm32h7xx_hal_rcc_ex.o)
                0x000000000800a778                HAL_RCCEx_GetPLL2ClockFreq
 .text.HAL_RCCEx_GetPLL3ClockFreq
                0x000000000800a8f4      0x17c ../../../libDaisy/build/libdaisy.a(stm32h7xx_hal_rcc_ex.o)
                0x000000000800a8f4                HAL_RCCEx_GetPLL3ClockFreq
 .text.HAL_RCCEx_GetPLL1ClockFreq
                0x000000000800aa70      0x17c ../../../libDaisy/build/libdaisy.a(stm32h7xx_hal_rcc_ex.o)
                0x000000000800aa70                HAL_RCCEx_GetPLL1ClockFreq
 .text.HAL_RCCEx_GetPeriphCLKFreq
                0x000000000800abec      0x198 ../../../libDaisy/build/libdaisy.a(stm32h7xx_hal_rcc_ex.o)
                0x000000000800abec                HAL_RCCEx_GetPeriphCLKFreq
 .text.HAL_RCCEx_GetD1SysClockFreq
                0x000000000800ad84       0x2c ../../../libDaisy/build/libdaisy.a(stm32h7xx_hal_rcc_ex.o)
                0x000000000800ad84                HAL_RCCEx_GetD1SysClockFreq
 .text.HAL_SAI_Init.part.0
                0x000000000800adb0      0x348 ../../../libDaisy/build/libdaisy.a(stm32h7xx_hal_sai.o)
 .text.HAL_SAI_InitProtocol
                0x000000000800b0f8      0x178 ../../../libDaisy/build/libdaisy.a(stm32h7xx_hal_sai.o)
                0x000000000800b0f8                HAL_SAI_InitProtocol
 .text.HAL_SAI_Transmit_DMA
                0x000000000800b270      0x124 ../../../libDaisy/build/libdaisy.a(stm32h7xx_hal_sai.o)
                0x000000000800b270                HAL_SAI_Transmit_DMA
 .text.HAL_SAI_Receive_DMA
                0x000000000800b394       0xd0 ../../../libDaisy/build/libdaisy.a(stm32h7xx_hal_sai.o)
                0x000000000800b394                HAL_SAI_Receive_DMA
 .text.HAL_SAI_TxCpltCallback
                0x000000000800b464        0x4 ../../../libDaisy/build/libdaisy.a(stm32h7xx_hal_sai.o)
                0x000000000800b464                HAL_SAI_TxCpltCallback
 .text.SAI_DMATxCplt
                0x000000000800b468       0x64 ../../../libDaisy/build/libdaisy.a(stm32h7xx_hal_sai.o)
 .text.HAL_SAI_TxHalfCpltCallback
                0x000000000800b4cc        0x4 ../../../libDaisy/build/libdaisy.a(stm32h7xx_hal_sai.o)
                0x000000000800b4cc                HAL_SAI_TxHalfCpltCallback
 .text.SAI_DMATxHalfCplt
                0x000000000800b4d0        0xc ../../../libDaisy/build/libdaisy.a(stm32h7xx_hal_sai.o)
 .text.SAI_DMARxCplt
                0x000000000800b4dc       0x64 ../../../libDaisy/build/libdaisy.a(stm32h7xx_hal_sai.o)
 .text.SAI_DMARxHalfCplt
                0x000000000800b540        0xc ../../../libDaisy/build/libdaisy.a(stm32h7xx_hal_sai.o)
 .text.HAL_SAI_ErrorCallback
                0x000000000800b54c        0x4 ../../../libDaisy/build/libdaisy.a(stm32h7xx_hal_sai.o)
                0x000000000800b54c                HAL_SAI_ErrorCallback
 .text.SAI_DMAError
                0x000000000800b550       0x6c ../../../libDaisy/build/libdaisy.a(stm32h7xx_hal_sai.o)
 .text.HAL_SDRAM_Init
                0x000000000800b5bc       0x54 ../../../libDaisy/build/libdaisy.a(stm32h7xx_hal_sdram.o)
                0x000000000800b5bc                HAL_SDRAM_Init
 .text.HAL_SDRAM_SendCommand
                0x000000000800b610       0x40 ../../../libDaisy/build/libdaisy.a(stm32h7xx_hal_sdram.o)
                0x000000000800b610                HAL_SDRAM_SendCommand
 .text.HAL_SDRAM_ProgramRefreshRate
                0x000000000800b650       0x30 ../../../libDaisy/build/libdaisy.a(stm32h7xx_hal_sdram.o)
                0x000000000800b650                HAL_SDRAM_ProgramRefreshRate
 .text.FMC_SDRAM_Init
                0x000000000800b680       0x7c ../../../libDaisy/build/libdaisy.a(stm32h7xx_ll_fmc.o)
                0x000000000800b680                FMC_SDRAM_Init
 .text.FMC_SDRAM_Timing_Init
                0x000000000800b6fc       0x98 ../../../libDaisy/build/libdaisy.a(stm32h7xx_ll_fmc.o)
                0x000000000800b6fc                FMC_SDRAM_Timing_Init
 .text.FMC_SDRAM_SendCommand
                0x000000000800b794       0x28 ../../../libDaisy/build/libdaisy.a(stm32h7xx_ll_fmc.o)
                0x000000000800b794                FMC_SDRAM_SendCommand
 .text.FMC_SDRAM_ProgramRefreshRate
                0x000000000800b7bc       0x1c ../../../libDaisy/build/libdaisy.a(stm32h7xx_ll_fmc.o)
                0x000000000800b7bc                FMC_SDRAM_ProgramRefreshRate
 .text.USB_CoreInit
                0x000000000800b7d8      0x124 ../../../libDaisy/build/libdaisy.a(stm32h7xx_ll_usb.o)
                0x000000000800b7d8                USB_CoreInit
 .text.USB_SetTurnaroundTime
                0x000000000800b8fc      0x104 ../../../libDaisy/build/libdaisy.a(stm32h7xx_ll_usb.o)
                0x000000000800b8fc                USB_SetTurnaroundTime
 .text.USB_EnableGlobalInt
                0x000000000800ba00       0x10 ../../../libDaisy/build/libdaisy.a(stm32h7xx_ll_usb.o)
                0x000000000800ba00                USB_EnableGlobalInt
 .text.USB_DisableGlobalInt
                0x000000000800ba10       0x10 ../../../libDaisy/build/libdaisy.a(stm32h7xx_ll_usb.o)
                0x000000000800ba10                USB_DisableGlobalInt
 .text.USB_SetCurrentMode
                0x000000000800ba20       0x30 ../../../libDaisy/build/libdaisy.a(stm32h7xx_ll_usb.o)
                0x000000000800ba20                USB_SetCurrentMode
 .text.USB_DevInit
                0x000000000800ba50      0x20c ../../../libDaisy/build/libdaisy.a(stm32h7xx_ll_usb.o)
                0x000000000800ba50                USB_DevInit
 .text.USB_FlushTxFifo
                0x000000000800bc5c       0x34 ../../../libDaisy/build/libdaisy.a(stm32h7xx_ll_usb.o)
                0x000000000800bc5c                USB_FlushTxFifo
 .text.USB_GetDevSpeed
                0x000000000800bc90       0x24 ../../../libDaisy/build/libdaisy.a(stm32h7xx_ll_usb.o)
                0x000000000800bc90                USB_GetDevSpeed
 .text.USB_ActivateEndpoint
                0x000000000800bcb4       0x90 ../../../libDaisy/build/libdaisy.a(stm32h7xx_ll_usb.o)
                0x000000000800bcb4                USB_ActivateEndpoint
 .text.USB_DeactivateEndpoint
                0x000000000800bd44       0x84 ../../../libDaisy/build/libdaisy.a(stm32h7xx_ll_usb.o)
                0x000000000800bd44                USB_DeactivateEndpoint
 .text.USB_EPStartXfer
                0x000000000800bdc8      0x230 ../../../libDaisy/build/libdaisy.a(stm32h7xx_ll_usb.o)
                0x000000000800bdc8                USB_EPStartXfer
 .text.USB_EP0StartXfer
                0x000000000800bff8      0x174 ../../../libDaisy/build/libdaisy.a(stm32h7xx_ll_usb.o)
                0x000000000800bff8                USB_EP0StartXfer
 .text.USB_WritePacket
                0x000000000800c16c       0x2c ../../../libDaisy/build/libdaisy.a(stm32h7xx_ll_usb.o)
                0x000000000800c16c                USB_WritePacket
 .text.USB_ReadPacket
                0x000000000800c198       0x20 ../../../libDaisy/build/libdaisy.a(stm32h7xx_ll_usb.o)
                0x000000000800c198                USB_ReadPacket
 .text.USB_EPSetStall
                0x000000000800c1b8       0x68 ../../../libDaisy/build/libdaisy.a(stm32h7xx_ll_usb.o)
                0x000000000800c1b8                USB_EPSetStall
 .text.USB_EPClearStall
                0x000000000800c220       0x58 ../../../libDaisy/build/libdaisy.a(stm32h7xx_ll_usb.o)
                0x000000000800c220                USB_EPClearStall
 .text.USB_SetDevAddress
                0x000000000800c278       0x24 ../../../libDaisy/build/libdaisy.a(stm32h7xx_ll_usb.o)
                0x000000000800c278                USB_SetDevAddress
 .text.USB_DevConnect
                0x000000000800c29c       0x1c ../../../libDaisy/build/libdaisy.a(stm32h7xx_ll_usb.o)
                0x000000000800c29c                USB_DevConnect
 .text.USB_DevDisconnect
                0x000000000800c2b8       0x1c ../../../libDaisy/build/libdaisy.a(stm32h7xx_ll_usb.o)
                0x000000000800c2b8                USB_DevDisconnect
 .text.USB_ReadInterrupts
                0x000000000800c2d4       0x14 ../../../libDaisy/build/libdaisy.a(stm32h7xx_ll_usb.o)
                0x000000000800c2d4                USB_ReadInterrupts
 .text.USB_ReadDevAllOutEpInterrupt
                0x000000000800c2e8       0x1c ../../../libDaisy/build/libdaisy.a(stm32h7xx_ll_usb.o)
                0x000000000800c2e8                USB_ReadDevAllOutEpInterrupt
 .text.USB_ReadDevAllInEpInterrupt
                0x000000000800c304       0x1c ../../../libDaisy/build/libdaisy.a(stm32h7xx_ll_usb.o)
                0x000000000800c304                USB_ReadDevAllInEpInterrupt
 .text.USB_ReadDevOutEPInterrupt
                0x000000000800c320       0x1c ../../../libDaisy/build/libdaisy.a(stm32h7xx_ll_usb.o)
                0x000000000800c320                USB_ReadDevOutEPInterrupt
 .text.USB_ReadDevInEPInterrupt
                0x000000000800c33c       0x38 ../../../libDaisy/build/libdaisy.a(stm32h7xx_ll_usb.o)
                0x000000000800c33c                USB_ReadDevInEPInterrupt
 .text.USB_GetMode
                0x000000000800c374        0x8 ../../../libDaisy/build/libdaisy.a(stm32h7xx_ll_usb.o)
                0x000000000800c374                USB_GetMode
 .text.USB_ActivateSetup
                0x000000000800c37c       0x38 ../../../libDaisy/build/libdaisy.a(stm32h7xx_ll_usb.o)
                0x000000000800c37c                USB_ActivateSetup
 .text.USB_EP0_OutStart
                0x000000000800c3b4       0x58 ../../../libDaisy/build/libdaisy.a(stm32h7xx_ll_usb.o)
                0x000000000800c3b4                USB_EP0_OutStart
 .text.USB_InitFSLSPClkSel
                0x000000000800c40c       0x44 ../../../libDaisy/build/libdaisy.a(stm32h7xx_ll_usb.o)
                0x000000000800c40c                USB_InitFSLSPClkSel
 .text.USB_HC_ReadInterrupt
                0x000000000800c450        0x8 ../../../libDaisy/build/libdaisy.a(stm32h7xx_ll_usb.o)
                0x000000000800c450                USB_HC_ReadInterrupt
 .text.USB_HC_Halt
                0x000000000800c458       0xc0 ../../../libDaisy/build/libdaisy.a(stm32h7xx_ll_usb.o)
                0x000000000800c458                USB_HC_Halt
 .text.USB_StopHost
                0x000000000800c518      0x2ec ../../../libDaisy/build/libdaisy.a(stm32h7xx_ll_usb.o)
                0x000000000800c518                USB_StopHost
 .text.USBD_CDC_EP0_RxReady
                0x000000000800c804       0x2c ../../../libDaisy/build/libdaisy.a(usbd_cdc.o)
 .text.USBD_CDC_GetFSCfgDesc
                0x000000000800c830       0x24 ../../../libDaisy/build/libdaisy.a(usbd_cdc.o)
 .text.USBD_CDC_GetHSCfgDesc
                0x000000000800c854       0x24 ../../../libDaisy/build/libdaisy.a(usbd_cdc.o)
 .text.USBD_CDC_GetOtherSpeedCfgDesc
                0x000000000800c878       0x24 ../../../libDaisy/build/libdaisy.a(usbd_cdc.o)
 .text.USBD_CDC_GetDeviceQualifierDescriptor
                0x000000000800c89c       0x10 ../../../libDaisy/build/libdaisy.a(usbd_cdc.o)
                0x000000000800c89c                USBD_CDC_GetDeviceQualifierDescriptor
 .text.USBD_CDC_DataOut
                0x000000000800c8ac       0x30 ../../../libDaisy/build/libdaisy.a(usbd_cdc.o)
 .text.USBD_CDC_DataIn
                0x000000000800c8dc       0x50 ../../../libDaisy/build/libdaisy.a(usbd_cdc.o)
 .text.USBD_CDC_Setup
                0x000000000800c92c       0xcc ../../../libDaisy/build/libdaisy.a(usbd_cdc.o)
 .text.USBD_CDC_DeInit
                0x000000000800c9f8       0x44 ../../../libDaisy/build/libdaisy.a(usbd_cdc.o)
 .text.USBD_CDC_Init
                0x000000000800ca3c       0x94 ../../../libDaisy/build/libdaisy.a(usbd_cdc.o)
 .text.USBD_CDC_RegisterInterface
                0x000000000800cad0       0x10 ../../../libDaisy/build/libdaisy.a(usbd_cdc.o)
                0x000000000800cad0                USBD_CDC_RegisterInterface
 .text.USBD_CDC_SetTxBuffer
                0x000000000800cae0       0x14 ../../../libDaisy/build/libdaisy.a(usbd_cdc.o)
                0x000000000800cae0                USBD_CDC_SetTxBuffer
 .text.USBD_CDC_SetRxBuffer
                0x000000000800caf4       0x10 ../../../libDaisy/build/libdaisy.a(usbd_cdc.o)
                0x000000000800caf4                USBD_CDC_SetRxBuffer
 .text.USBD_CDC_TransmitPacket
                0x000000000800cb04       0x34 ../../../libDaisy/build/libdaisy.a(usbd_cdc.o)
                0x000000000800cb04                USBD_CDC_TransmitPacket
 .text.USBD_CDC_ReceivePacket
                0x000000000800cb38       0x38 ../../../libDaisy/build/libdaisy.a(usbd_cdc.o)
                0x000000000800cb38                USBD_CDC_ReceivePacket
 .text.USBD_Init
                0x000000000800cb70       0x44 ../../../libDaisy/build/libdaisy.a(usbd_core.o)
                0x000000000800cb70                USBD_Init
 .text.USBD_RegisterClass
                0x000000000800cbb4       0x2c ../../../libDaisy/build/libdaisy.a(usbd_core.o)
                0x000000000800cbb4                USBD_RegisterClass
 .text.USBD_Start
                0x000000000800cbe0        0xc ../../../libDaisy/build/libdaisy.a(usbd_core.o)
                0x000000000800cbe0                USBD_Start
 .text.USBD_SetClassConfig
                0x000000000800cbec       0x14 ../../../libDaisy/build/libdaisy.a(usbd_core.o)
                0x000000000800cbec                USBD_SetClassConfig
 .text.USBD_ClrClassConfig
                0x000000000800cc00       0x10 ../../../libDaisy/build/libdaisy.a(usbd_core.o)
                0x000000000800cc00                USBD_ClrClassConfig
 .text.USBD_LL_SetupStage
                0x000000000800cc10       0x5c ../../../libDaisy/build/libdaisy.a(usbd_core.o)
                0x000000000800cc10                USBD_LL_SetupStage
 .text.USBD_LL_DataOutStage
                0x000000000800cc6c       0x7c ../../../libDaisy/build/libdaisy.a(usbd_core.o)
                0x000000000800cc6c                USBD_LL_DataOutStage
 .text.USBD_LL_DataInStage
                0x000000000800cce8       0xcc ../../../libDaisy/build/libdaisy.a(usbd_core.o)
                0x000000000800cce8                USBD_LL_DataInStage
 .text.USBD_LL_Reset
                0x000000000800cdb4       0x50 ../../../libDaisy/build/libdaisy.a(usbd_core.o)
                0x000000000800cdb4                USBD_LL_Reset
 .text.USBD_LL_SetSpeed
                0x000000000800ce04        0x8 ../../../libDaisy/build/libdaisy.a(usbd_core.o)
                0x000000000800ce04                USBD_LL_SetSpeed
 .text.USBD_LL_Suspend
                0x000000000800ce0c       0x14 ../../../libDaisy/build/libdaisy.a(usbd_core.o)
                0x000000000800ce0c                USBD_LL_Suspend
 .text.USBD_LL_Resume
                0x000000000800ce20       0x10 ../../../libDaisy/build/libdaisy.a(usbd_core.o)
                0x000000000800ce20                USBD_LL_Resume
 .text.USBD_LL_SOF
                0x000000000800ce30       0x1c ../../../libDaisy/build/libdaisy.a(usbd_core.o)
                0x000000000800ce30                USBD_LL_SOF
 .text.USBD_LL_IsoINIncomplete
                0x000000000800ce4c        0x4 ../../../libDaisy/build/libdaisy.a(usbd_core.o)
                0x000000000800ce4c                USBD_LL_IsoINIncomplete
 .text.USBD_LL_IsoOUTIncomplete
                0x000000000800ce50        0x4 ../../../libDaisy/build/libdaisy.a(usbd_core.o)
                0x000000000800ce50                USBD_LL_IsoOUTIncomplete
 .text.USBD_LL_DevConnected
                0x000000000800ce54        0x4 ../../../libDaisy/build/libdaisy.a(usbd_core.o)
                0x000000000800ce54                USBD_LL_DevConnected
 .text.USBD_LL_DevDisconnected
                0x000000000800ce58       0x18 ../../../libDaisy/build/libdaisy.a(usbd_core.o)
                0x000000000800ce58                USBD_LL_DevDisconnected
 .text.USBD_StdDevReq
                0x000000000800ce70      0x304 ../../../libDaisy/build/libdaisy.a(usbd_ctlreq.o)
                0x000000000800ce70                USBD_StdDevReq
 .text.USBD_StdItfReq
                0x000000000800d174       0x68 ../../../libDaisy/build/libdaisy.a(usbd_ctlreq.o)
                0x000000000800d174                USBD_StdItfReq
 .text.USBD_StdEPReq
                0x000000000800d1dc      0x13c ../../../libDaisy/build/libdaisy.a(usbd_ctlreq.o)
                0x000000000800d1dc                USBD_StdEPReq
 .text.USBD_ParseSetupRequest
                0x000000000800d318       0x28 ../../../libDaisy/build/libdaisy.a(usbd_ctlreq.o)
                0x000000000800d318                USBD_ParseSetupRequest
 .text.USBD_CtlError
                0x000000000800d340       0x18 ../../../libDaisy/build/libdaisy.a(usbd_ctlreq.o)
                0x000000000800d340                USBD_CtlError
 .text.USBD_GetString
                0x000000000800d358       0x54 ../../../libDaisy/build/libdaisy.a(usbd_ctlreq.o)
                0x000000000800d358                USBD_GetString
 .text.USBD_CtlSendData
                0x000000000800d3ac       0x1c ../../../libDaisy/build/libdaisy.a(usbd_ioreq.o)
                0x000000000800d3ac                USBD_CtlSendData
 .text.USBD_CtlContinueSendData
                0x000000000800d3c8       0x14 ../../../libDaisy/build/libdaisy.a(usbd_ioreq.o)
                0x000000000800d3c8                USBD_CtlContinueSendData
 .text.USBD_CtlPrepareRx
                0x000000000800d3dc       0x1c ../../../libDaisy/build/libdaisy.a(usbd_ioreq.o)
                0x000000000800d3dc                USBD_CtlPrepareRx
 .text.USBD_CtlContinueRx
                0x000000000800d3f8       0x14 ../../../libDaisy/build/libdaisy.a(usbd_ioreq.o)
                0x000000000800d3f8                USBD_CtlContinueRx
 .text.USBD_CtlSendStatus
                0x000000000800d40c       0x18 ../../../libDaisy/build/libdaisy.a(usbd_ioreq.o)
                0x000000000800d40c                USBD_CtlSendStatus
 .text.USBD_CtlReceiveStatus
                0x000000000800d424       0x18 ../../../libDaisy/build/libdaisy.a(usbd_ioreq.o)
                0x000000000800d424                USBD_CtlReceiveStatus
 .text.USBH_LL_IncTimer
                0x000000000800d43c       0x20 ../../../libDaisy/build/libdaisy.a(usbh_core.o)
                0x000000000800d43c                USBH_LL_IncTimer
 .text.USBH_LL_PortEnabled
                0x000000000800d45c        0x8 ../../../libDaisy/build/libdaisy.a(usbh_core.o)
                0x000000000800d45c                USBH_LL_PortEnabled
 .text.USBH_LL_PortDisabled
                0x000000000800d464        0x8 ../../../libDaisy/build/libdaisy.a(usbh_core.o)
                0x000000000800d464                USBH_LL_PortDisabled
 .text.USBH_LL_Connect
                0x000000000800d46c       0x18 ../../../libDaisy/build/libdaisy.a(usbh_core.o)
                0x000000000800d46c                USBH_LL_Connect
 .text.USBH_LL_Disconnect
                0x000000000800d484       0x2c ../../../libDaisy/build/libdaisy.a(usbh_core.o)
                0x000000000800d484                USBH_LL_Disconnect
 .text.USBH_FreePipe
                0x000000000800d4b0       0x18 ../../../libDaisy/build/libdaisy.a(usbh_pipes.o)
                0x000000000800d4b0                USBH_FreePipe
 .text._ZN5daisy6Random4InitEv
                0x000000000800d4c8       0x3c ../../../libDaisy/build/libdaisy.a(rng.o)
                0x000000000800d4c8                daisy::Random::Init()
 .text._ZN5daisy9SpiHandle4Impl7InitDmaEv
                0x000000000800d504       0xec ../../../libDaisy/build/libdaisy.a(spi.o)
                0x000000000800d504                daisy::SpiHandle::Impl::InitDma()
 .text._ZN5daisy9SpiHandle4Impl10StartDmaTxEPhjPFvPvEPFvS3_NS0_6ResultEES3_
                0x000000000800d5f0       0xc8 ../../../libDaisy/build/libdaisy.a(spi.o)
                0x000000000800d5f0                daisy::SpiHandle::Impl::StartDmaTx(unsigned char*, unsigned int, void (*)(void*), void (*)(void*, daisy::SpiHandle::Result), void*)
 .text._ZN5daisy9SpiHandle4Impl10StartDmaRxEPhjPFvPvEPFvS3_NS0_6ResultEES3_
                0x000000000800d6b8       0xc8 ../../../libDaisy/build/libdaisy.a(spi.o)
                0x000000000800d6b8                daisy::SpiHandle::Impl::StartDmaRx(unsigned char*, unsigned int, void (*)(void*), void (*)(void*, daisy::SpiHandle::Result), void*)
 .text._ZN5daisy9SpiHandle4Impl12StartDmaRxTxEPhS2_jPFvPvEPFvS3_NS0_6ResultEES3_
                0x000000000800d780       0xcc ../../../libDaisy/build/libdaisy.a(spi.o)
                0x000000000800d780                daisy::SpiHandle::Impl::StartDmaRxTx(unsigned char*, unsigned char*, unsigned int, void (*)(void*), void (*)(void*, daisy::SpiHandle::Result), void*)
 .text._ZN5daisy9SpiHandle4Impl8InitPinsEv
                0x000000000800d84c      0x274 ../../../libDaisy/build/libdaisy.a(spi.o)
                0x000000000800d84c                daisy::SpiHandle::Impl::InitPins()
 .text.HAL_SPI_MspInit
                0x000000000800dac0      0x1a8 ../../../libDaisy/build/libdaisy.a(spi.o)
                0x000000000800dac0                HAL_SPI_MspInit
 .text.dsy_spi_global_init
                0x000000000800dc68       0x80 ../../../libDaisy/build/libdaisy.a(spi.o)
                0x000000000800dc68                dsy_spi_global_init
 .text.SPI1_IRQHandler
                0x000000000800dce8        0xc ../../../libDaisy/build/libdaisy.a(spi.o)
                0x000000000800dce8                SPI1_IRQHandler
 .text.SPI2_IRQHandler
                0x000000000800dcf4        0xc ../../../libDaisy/build/libdaisy.a(spi.o)
                0x000000000800dcf4                SPI2_IRQHandler
 .text.SPI3_IRQHandler
                0x000000000800dd00        0xc ../../../libDaisy/build/libdaisy.a(spi.o)
                0x000000000800dd00                SPI3_IRQHandler
 .text.SPI4_IRQHandler
                0x000000000800dd0c        0xc ../../../libDaisy/build/libdaisy.a(spi.o)
                0x000000000800dd0c                SPI4_IRQHandler
 .text.SPI5_IRQHandler
                0x000000000800dd18        0xc ../../../libDaisy/build/libdaisy.a(spi.o)
                0x000000000800dd18                SPI5_IRQHandler
 .text.DMA2_Stream2_IRQHandler
                0x000000000800dd24       0x34 ../../../libDaisy/build/libdaisy.a(spi.o)
                0x000000000800dd24                DMA2_Stream2_IRQHandler
 .text.DMA2_Stream3_IRQHandler
                0x000000000800dd58       0x38 ../../../libDaisy/build/libdaisy.a(spi.o)
                0x000000000800dd58                DMA2_Stream3_IRQHandler
 .text.HAL_SPI_TxCpltCallback
                0x000000000800dd90       0xc4 ../../../libDaisy/build/libdaisy.a(spi.o)
                0x000000000800dd90                HAL_SPI_TxCpltCallback
 .text.HAL_SPI_RxCpltCallback
                0x000000000800de54       0xc4 ../../../libDaisy/build/libdaisy.a(spi.o)
                0x000000000800de54                HAL_SPI_RxCpltCallback
 .text.HAL_SPI_TxRxCpltCallback
                0x000000000800df18       0xc4 ../../../libDaisy/build/libdaisy.a(spi.o)
                0x000000000800df18                HAL_SPI_TxRxCpltCallback
 .text.HAL_SPI_ErrorCallback
                0x000000000800dfdc       0xc8 ../../../libDaisy/build/libdaisy.a(spi.o)
                0x000000000800dfdc                HAL_SPI_ErrorCallback
 .text.startup._GLOBAL__sub_I__Z19MapInstanceToHandleP11SPI_TypeDef
                0x000000000800e0a4      0x1b0 ../../../libDaisy/build/libdaisy.a(spi.o)
 .text.HAL_TIM_Base_MspInit
                0x000000000800e254      0x1e0 ../../../libDaisy/build/libdaisy.a(tim.o)
                0x000000000800e254                HAL_TIM_Base_MspInit
 .text.HAL_TIM_PeriodElapsedCallback
                0x000000000800e434       0x44 ../../../libDaisy/build/libdaisy.a(tim.o)
                0x000000000800e434                HAL_TIM_PeriodElapsedCallback
 .text.TIM2_IRQHandler
                0x000000000800e478        0xc ../../../libDaisy/build/libdaisy.a(tim.o)
                0x000000000800e478                TIM2_IRQHandler
 .text.TIM3_IRQHandler
                0x000000000800e484        0xc ../../../libDaisy/build/libdaisy.a(tim.o)
                0x000000000800e484                TIM3_IRQHandler
 .text.TIM4_IRQHandler
                0x000000000800e490        0xc ../../../libDaisy/build/libdaisy.a(tim.o)
                0x000000000800e490                TIM4_IRQHandler
 .text.TIM5_IRQHandler
                0x000000000800e49c        0xc ../../../libDaisy/build/libdaisy.a(tim.o)
                0x000000000800e49c                TIM5_IRQHandler
 .text._ZN5daisy11TimerHandle4InitERKNS0_6ConfigE
                0x000000000800e4a8       0xd0 ../../../libDaisy/build/libdaisy.a(tim.o)
                0x000000000800e4a8                daisy::TimerHandle::Init(daisy::TimerHandle::Config const&)
 .text._ZN5daisy11TimerHandle5StartEv
                0x000000000800e578       0x24 ../../../libDaisy/build/libdaisy.a(tim.o)
                0x000000000800e578                daisy::TimerHandle::Start()
 .text.startup._GLOBAL__sub_I__ZN5daisy11TimerHandle4Impl4InitERKNS0_6ConfigE
                0x000000000800e59c       0x38 ../../../libDaisy/build/libdaisy.a(tim.o)
 .text._ZN5daisy11UartHandler4Impl7InitDmaEbb
                0x000000000800e5d4      0x164 ../../../libDaisy/build/libdaisy.a(uart.o)
                0x000000000800e5d4                daisy::UartHandler::Impl::InitDma(bool, bool)
 .text._ZN5daisy11UartHandler4Impl10HandleFifoEv
                0x000000000800e738       0xec ../../../libDaisy/build/libdaisy.a(uart.o)
                0x000000000800e738                daisy::UartHandler::Impl::HandleFifo()
 .text._ZN5daisy11UartHandler4Impl10StartDmaTxEPhjPFvPvEPFvS3_NS0_6ResultEES3_
                0x000000000800e824       0xcc ../../../libDaisy/build/libdaisy.a(uart.o)
                0x000000000800e824                daisy::UartHandler::Impl::StartDmaTx(unsigned char*, unsigned int, void (*)(void*), void (*)(void*, daisy::UartHandler::Result), void*)
 .text._ZN5daisy11UartHandler4Impl10StartDmaRxEPhjPFvPvEPFvS3_NS0_6ResultEES3_
                0x000000000800e8f0       0xcc ../../../libDaisy/build/libdaisy.a(uart.o)
                0x000000000800e8f0                daisy::UartHandler::Impl::StartDmaRx(unsigned char*, unsigned int, void (*)(void*), void (*)(void*, daisy::UartHandler::Result), void*)
 .text._ZN5daisy11UartHandler4Impl19DmaTransferFinishedEP20__UART_HandleTypeDefNS0_6ResultE
                0x000000000800e9bc       0xc0 ../../../libDaisy/build/libdaisy.a(uart.o)
                0x000000000800e9bc                daisy::UartHandler::Impl::DmaTransferFinished(__UART_HandleTypeDef*, daisy::UartHandler::Result)
 .text._ZN5daisy11UartHandler4Impl8InitPinsEv
                0x000000000800ea7c      0x150 ../../../libDaisy/build/libdaisy.a(uart.o)
                0x000000000800ea7c                daisy::UartHandler::Impl::InitPins()
 .text.HAL_UART_MspInit
                0x000000000800ebcc      0x210 ../../../libDaisy/build/libdaisy.a(uart.o)
                0x000000000800ebcc                HAL_UART_MspInit
 .text.dsy_uart_global_init
                0x000000000800eddc       0xfc ../../../libDaisy/build/libdaisy.a(uart.o)
                0x000000000800eddc                dsy_uart_global_init
 .text.USART1_IRQHandler
                0x000000000800eed8       0x30 ../../../libDaisy/build/libdaisy.a(uart.o)
                0x000000000800eed8                USART1_IRQHandler
 .text.USART2_IRQHandler
                0x000000000800ef08       0x34 ../../../libDaisy/build/libdaisy.a(uart.o)
                0x000000000800ef08                USART2_IRQHandler
 .text.USART3_IRQHandler
                0x000000000800ef3c       0x34 ../../../libDaisy/build/libdaisy.a(uart.o)
                0x000000000800ef3c                USART3_IRQHandler
 .text.UART4_IRQHandler
                0x000000000800ef70       0x34 ../../../libDaisy/build/libdaisy.a(uart.o)
                0x000000000800ef70                UART4_IRQHandler
 .text.UART5_IRQHandler
                0x000000000800efa4       0x34 ../../../libDaisy/build/libdaisy.a(uart.o)
                0x000000000800efa4                UART5_IRQHandler
 .text.USART6_IRQHandler
                0x000000000800efd8       0x34 ../../../libDaisy/build/libdaisy.a(uart.o)
                0x000000000800efd8                USART6_IRQHandler
 .text.UART7_IRQHandler
                0x000000000800f00c       0x30 ../../../libDaisy/build/libdaisy.a(uart.o)
                0x000000000800f00c                UART7_IRQHandler
 .text.UART8_IRQHandler
                0x000000000800f03c       0x34 ../../../libDaisy/build/libdaisy.a(uart.o)
                0x000000000800f03c                UART8_IRQHandler
 .text.LPUART1_IRQHandler
                0x000000000800f070       0x34 ../../../libDaisy/build/libdaisy.a(uart.o)
                0x000000000800f070                LPUART1_IRQHandler
 .text.DMA1_Stream5_IRQHandler
                0x000000000800f0a4       0x34 ../../../libDaisy/build/libdaisy.a(uart.o)
                0x000000000800f0a4                DMA1_Stream5_IRQHandler
 .text.DMA2_Stream4_IRQHandler
                0x000000000800f0d8       0x34 ../../../libDaisy/build/libdaisy.a(uart.o)
                0x000000000800f0d8                DMA2_Stream4_IRQHandler
 .text.HAL_UART_TxCpltCallback
                0x000000000800f10c        0x8 ../../../libDaisy/build/libdaisy.a(uart.o)
                0x000000000800f10c                HAL_UART_TxCpltCallback
 .text.HAL_UART_RxCpltCallback
                0x000000000800f114        0x8 ../../../libDaisy/build/libdaisy.a(uart.o)
                0x000000000800f114                HAL_UART_RxCpltCallback
 .text.HAL_UART_ErrorCallback
                0x000000000800f11c        0x8 ../../../libDaisy/build/libdaisy.a(uart.o)
                0x000000000800f11c                HAL_UART_ErrorCallback
 .text.startup._GLOBAL__sub_I__Z19MapInstanceToHandleP13USART_TypeDef
                0x000000000800f124      0x190 ../../../libDaisy/build/libdaisy.a(uart.o)
 .text.dsy_dma_init
                0x000000000800f2b4      0x100 ../../../libDaisy/build/libdaisy.a(dma.o)
                0x000000000800f2b4                dsy_dma_init
 .text.HAL_MDMA_Abort_IT
                0x000000000800f3b4       0x2c ../../../libDaisy/build/libdaisy.a(stm32h7xx_hal_mdma.o)
                0x000000000800f3b4                HAL_MDMA_Abort_IT
 .text.SPI_CloseTransfer
                0x000000000800f3e0       0xb8 ../../../libDaisy/build/libdaisy.a(stm32h7xx_hal_spi.o)
 .text.HAL_SPI_Init
                0x000000000800f498      0x15c ../../../libDaisy/build/libdaisy.a(stm32h7xx_hal_spi.o)
                0x000000000800f498                HAL_SPI_Init
 .text.HAL_SPI_Transmit_DMA
                0x000000000800f5f4      0x170 ../../../libDaisy/build/libdaisy.a(stm32h7xx_hal_spi.o)
                0x000000000800f5f4                HAL_SPI_Transmit_DMA
 .text.HAL_SPI_TransmitReceive_DMA
                0x000000000800f764      0x218 ../../../libDaisy/build/libdaisy.a(stm32h7xx_hal_spi.o)
                0x000000000800f764                HAL_SPI_TransmitReceive_DMA